test:suite
+- run test draft4       602/610 passed, 8 failed
error: 'draft4.test.refRemote.remote-ref.remote-ref-invalid' failed: Reason:
Expected Schema:
 {
     "$ref": "http://localhost:1234/integer.json"
 }
To REJECT Case:
 "a"
But it was ACCEPTED!
/Users/neb/code/jsonls/src/json-schema/test-suite/draft4.zig:13:5: 0x1045a63fb in check_valid (test)
    return error.FailedTest;
    ^
/Users/neb/code/jsonls/src/json-schema/test-suite/draft4.zig:82:5: 0x10467947f in test.refRemote.remote-ref.remote-ref-invalid (test)
    try check_valid(
    ^
error: 'draft4.test.refRemote.fragment-within-remote-ref.remote-fragment-invalid' failed: Reason:
Expected Schema:
 {
     "$ref": "http://localhost:1234/draft4/subSchemas.json#/definitions/integer"
 }
To REJECT Case:
 "a"
But it was ACCEPTED!
/Users/neb/code/jsonls/src/json-schema/test-suite/draft4.zig:13:5: 0x1045a63fb in check_valid (test)
    return error.FailedTest;
    ^
/Users/neb/code/jsonls/src/json-schema/test-suite/draft4.zig:104:5: 0x104679567 in test.refRemote.fragment-within-remote-ref.remote-fragment-invalid (test)
    try check_valid(
    ^
error: 'draft4.test.refRemote.ref-within-remote-ref.ref-within-ref-invalid' failed: Reason:
Expected Schema:
 {
     "$ref": "http://localhost:1234/draft4/subSchemas.json#/definitions/refToInteger"
 }
To REJECT Case:
 "a"
But it was ACCEPTED!
/Users/neb/code/jsonls/src/json-schema/test-suite/draft4.zig:13:5: 0x1045a63fb in check_valid (test)
    return error.FailedTest;
    ^
/Users/neb/code/jsonls/src/json-schema/test-suite/draft4.zig:126:5: 0x10467964f in test.refRemote.ref-within-remote-ref.ref-within-ref-invalid (test)
    try check_valid(
    ^
error: 'draft4.test.refRemote.base-URI-change.base-URI-change-ref-invalid' failed: Reason:
Expected Schema:
 {
     "id": "http://localhost:1234/",
     "items": {
         "id": "baseUriChange/",
         "items": {
             "$ref": "folderInteger.json"
         }
     }
 }
To REJECT Case:
 [
     [
         "a"
     ]
 ]
But it was ACCEPTED!
/Users/neb/code/jsonls/src/json-schema/test-suite/draft4.zig:13:5: 0x1045a63fb in check_valid (test)
    return error.FailedTest;
    ^
/Users/neb/code/jsonls/src/json-schema/test-suite/draft4.zig:158:5: 0x104679737 in test.refRemote.base-URI-change.base-URI-change-ref-invalid (test)
    try check_valid(
    ^
error: 'draft4.test.refRemote.base-URI-change---change-folder.string-is-invalid' failed: Reason:
Expected Schema:
 {
     "id": "http://localhost:1234/scope_change_defs1.json",
     "type": "object",
     "properties": {
         "list": {
             "$ref": "#/definitions/baz"
         }
     },
     "definitions": {
         "baz": {
             "id": "baseUriChangeFolder/",
             "type": "array",
             "items": {
                 "$ref": "folderInteger.json"
             }
         }
     }
 }
To REJECT Case:
 {
     "list": [
         "a"
     ]
 }
But it was ACCEPTED!
/Users/neb/code/jsonls/src/json-schema/test-suite/draft4.zig:13:5: 0x1045a63fb in check_valid (test)
    return error.FailedTest;
    ^
/Users/neb/code/jsonls/src/json-schema/test-suite/draft4.zig:209:5: 0x10467981f in test.refRemote.base-URI-change---change-folder.string-is-invalid (test)
    try check_valid(
    ^
error: 'draft4.test.refRemote.base-URI-change---change-folder-in-subschema.string-is-invalid' failed: Reason:
Expected Schema:
 {
     "id": "http://localhost:1234/scope_change_defs2.json",
     "type": "object",
     "properties": {
         "list": {
             "$ref": "#/definitions/baz/definitions/bar"
         }
     },
     "definitions": {
         "baz": {
             "id": "baseUriChangeFolderInSubschema/",
             "definitions": {
                 "bar": {
                     "type": "array",
                     "items": {
                         "$ref": "folderInteger.json"
                     }
                 }
             }
         }
     }
 }
To REJECT Case:
 {
     "list": [
         "a"
     ]
 }
But it was ACCEPTED!
/Users/neb/code/jsonls/src/json-schema/test-suite/draft4.zig:13:5: 0x1045a63fb in check_valid (test)
    return error.FailedTest;
    ^
/Users/neb/code/jsonls/src/json-schema/test-suite/draft4.zig:273:5: 0x104679907 in test.refRemote.base-URI-change---change-folder-in-subschema.string-is-invalid (test)
    try check_valid(
    ^
error: 'draft4.test.refRemote.root-ref-in-remote-ref.object-is-invalid' failed: Reason:
Expected Schema:
 {
     "id": "http://localhost:1234/object",
     "type": "object",
     "properties": {
         "name": {
             "$ref": "draft4/name.json#/definitions/orNull"
         }
     }
 }
To REJECT Case:
 {
     "name": {
         "name": null
     }
 }
But it was ACCEPTED!
/Users/neb/code/jsonls/src/json-schema/test-suite/draft4.zig:13:5: 0x1045a63fb in check_valid (test)
    return error.FailedTest;
    ^
/Users/neb/code/jsonls/src/json-schema/test-suite/draft4.zig:345:5: 0x104679a63 in test.refRemote.root-ref-in-remote-ref.object-is-invalid (test)
    try check_valid(
    ^
error: 'draft4.test.refRemote.Location-independent-identifier-in-remote-ref.string-is-invalid' failed: Reason:
Expected Schema:
 {
     "$ref": "http://localhost:1234/draft4/locationIndependentIdentifier.json#/definitions/refToInteger"
 }
To REJECT Case:
 "foo"
But it was ACCEPTED!
/Users/neb/code/jsonls/src/json-schema/test-suite/draft4.zig:13:5: 0x1045a63fb in check_valid (test)
    return error.FailedTest;
    ^
/Users/neb/code/jsonls/src/json-schema/test-suite/draft4.zig:377:5: 0x104679b4b in test.refRemote.Location-independent-identifier-in-remote-ref.string-is-invalid (test)
    try check_valid(
    ^
error: while executing test 'draft4.test.ref.root-pointer-ref.match', the following command terminated with signal 11 (expected exited with code 0):
./.zig-cache/o/9b57de22a6ba11c66c3860674fff0adc/test --cache-dir=./.zig-cache --seed=0xfaad01e8 --listen=-
test:suite
+- run test draft3       423/435 passed, 12 failed
error: 'draft3.test.extends.extends.mismatch-extended' failed: Reason:
Expected Schema:
 {
     "properties": {
         "bar": {
             "type": "integer",
             "required": true
         }
     },
     "extends": {
         "properties": {
             "foo": {
                 "type": "string",
                 "required": true
             }
         }
     }
 }
To REJECT Case:
 {
     "bar": 2
 }
But it was ACCEPTED!
/Users/neb/code/jsonls/src/json-schema/test-suite/draft3.zig:13:5: 0x1051263fb in check_valid (test)
    return error.FailedTest;
    ^
/Users/neb/code/jsonls/src/json-schema/test-suite/draft3.zig:69:5: 0x1051f92af in test.extends.extends.mismatch-extended (test)
    try check_valid(
    ^
error: 'draft3.test.extends.multiple-extends.mismatch-first-extends' failed: Reason:
Expected Schema:
 {
     "properties": {
         "bar": {
             "type": "integer",
             "required": true
         }
     },
     "extends": [
         {
             "properties": {
                 "foo": {
                     "type": "string",
                     "required": true
                 }
             }
         },
         {
             "properties": {
                 "baz": {
                     "type": "null",
                     "required": true
                 }
             }
         }
     ]
 }
To REJECT Case:
 {
     "bar": 2,
     "baz": null
 }
But it was ACCEPTED!
/Users/neb/code/jsonls/src/json-schema/test-suite/draft3.zig:13:5: 0x1051263fb in check_valid (test)
    return error.FailedTest;
    ^
/Users/neb/code/jsonls/src/json-schema/test-suite/draft3.zig:160:5: 0x1051f940b in test.extends.multiple-extends.mismatch-first-extends (test)
    try check_valid(
    ^
error: 'draft3.test.extends.multiple-extends.mismatch-second-extends' failed: Reason:
Expected Schema:
 {
     "properties": {
         "bar": {
             "type": "integer",
             "required": true
         }
     },
     "extends": [
         {
             "properties": {
                 "foo": {
                     "type": "string",
                     "required": true
                 }
             }
         },
         {
             "properties": {
                 "baz": {
                     "type": "null",
                     "required": true
                 }
             }
         }
     ]
 }
To REJECT Case:
 {
     "foo": "quux",
     "bar": 2
 }
But it was ACCEPTED!
/Users/neb/code/jsonls/src/json-schema/test-suite/draft3.zig:13:5: 0x1051263fb in check_valid (test)
    return error.FailedTest;
    ^
/Users/neb/code/jsonls/src/json-schema/test-suite/draft3.zig:197:5: 0x1051f947f in test.extends.multiple-extends.mismatch-second-extends (test)
    try check_valid(
    ^
error: 'draft3.test.extends.multiple-extends.mismatch-both' failed: Reason:
Expected Schema:
 {
     "properties": {
         "bar": {
             "type": "integer",
             "required": true
         }
     },
     "extends": [
         {
             "properties": {
                 "foo": {
                     "type": "string",
                     "required": true
                 }
             }
         },
         {
             "properties": {
                 "baz": {
                     "type": "null",
                     "required": true
                 }
             }
         }
     ]
 }
To REJECT Case:
 {
     "bar": 2
 }
But it was ACCEPTED!
/Users/neb/code/jsonls/src/json-schema/test-suite/draft3.zig:13:5: 0x1051263fb in check_valid (test)
    return error.FailedTest;
    ^
/Users/neb/code/jsonls/src/json-schema/test-suite/draft3.zig:234:5: 0x1051f94f3 in test.extends.multiple-extends.mismatch-both (test)
    try check_valid(
    ^
error: 'draft3.test.extends.extends-simple-types.mismatch-extends' failed: Reason:
Expected Schema:
 {
     "minimum": 20,
     "extends": {
         "maximum": 30
     }
 }
To REJECT Case:
 35
But it was ACCEPTED!
/Users/neb/code/jsonls/src/json-schema/test-suite/draft3.zig:13:5: 0x1051263fb in check_valid (test)
    return error.FailedTest;
    ^
/Users/neb/code/jsonls/src/json-schema/test-suite/draft3.zig:284:5: 0x1051f95db in test.extends.extends-simple-types.mismatch-extends (test)
    try check_valid(
    ^
error: 'draft3.test.refRemote.remote-ref.remote-ref-invalid' failed: Reason:
Expected Schema:
 {
     "$ref": "http://localhost:1234/integer.json"
 }
To REJECT Case:
 "a"
But it was ACCEPTED!
/Users/neb/code/jsonls/src/json-schema/test-suite/draft3.zig:13:5: 0x1051263fb in check_valid (test)
    return error.FailedTest;
    ^
/Users/neb/code/jsonls/src/json-schema/test-suite/draft3.zig:364:5: 0x1051f9907 in test.refRemote.remote-ref.remote-ref-invalid (test)
    try check_valid(
    ^
error: 'draft3.test.refRemote.fragment-within-remote-ref.remote-fragment-invalid' failed: Reason:
Expected Schema:
 {
     "$ref": "http://localhost:1234/draft3/subSchemas.json#/definitions/integer"
 }
To REJECT Case:
 "a"
But it was ACCEPTED!
/Users/neb/code/jsonls/src/json-schema/test-suite/draft3.zig:13:5: 0x1051263fb in check_valid (test)
    return error.FailedTest;
    ^
/Users/neb/code/jsonls/src/json-schema/test-suite/draft3.zig:386:5: 0x1051f99ef in test.refRemote.fragment-within-remote-ref.remote-fragment-invalid (test)
    try check_valid(
    ^
error: 'draft3.test.refRemote.ref-within-remote-ref.ref-within-ref-invalid' failed: Reason:
Expected Schema:
 {
     "$ref": "http://localhost:1234/draft3/subSchemas.json#/definitions/refToInteger"
 }
To REJECT Case:
 "a"
But it was ACCEPTED!
/Users/neb/code/jsonls/src/json-schema/test-suite/draft3.zig:13:5: 0x1051263fb in check_valid (test)
    return error.FailedTest;
    ^
/Users/neb/code/jsonls/src/json-schema/test-suite/draft3.zig:408:5: 0x1051f9ad7 in test.refRemote.ref-within-remote-ref.ref-within-ref-invalid (test)
    try check_valid(
    ^
error: 'draft3.test.refRemote.change-resolution-scope.changed-scope-ref-invalid' failed: Reason:
Expected Schema:
 {
     "id": "http://localhost:1234/",
     "items": {
         "id": "baseUriChange/",
         "items": {
             "$ref": "folderInteger.json"
         }
     }
 }
To REJECT Case:
 [
     [
         "a"
     ]
 ]
But it was ACCEPTED!
/Users/neb/code/jsonls/src/json-schema/test-suite/draft3.zig:13:5: 0x1051263fb in check_valid (test)
    return error.FailedTest;
    ^
/Users/neb/code/jsonls/src/json-schema/test-suite/draft3.zig:440:5: 0x1051f9bbf in test.refRemote.change-resolution-scope.changed-scope-ref-invalid (test)
    try check_valid(
    ^
error: 'draft3.test.divisibleBy.by-int.int-by-int-fail' failed: Reason:
Expected Schema:
 {
     "divisibleBy": 2
 }
To REJECT Case:
 7
But it was ACCEPTED!
/Users/neb/code/jsonls/src/json-schema/test-suite/draft3.zig:13:5: 0x1051263fb in check_valid (test)
    return error.FailedTest;
    ^
/Users/neb/code/jsonls/src/json-schema/test-suite/draft3.zig:472:5: 0x1051f9ca7 in test.divisibleBy.by-int.int-by-int-fail (test)
    try check_valid(
    ^
error: 'draft3.test.divisibleBy.by-number.35-is-not-divisible-by-1.5' failed: Reason:
Expected Schema:
 {
     "divisibleBy": 1.5
 }
To REJECT Case:
 35
But it was ACCEPTED!
/Users/neb/code/jsonls/src/json-schema/test-suite/draft3.zig:13:5: 0x1051263fb in check_valid (test)
    return error.FailedTest;
    ^
/Users/neb/code/jsonls/src/json-schema/test-suite/draft3.zig:516:5: 0x1051f9e77 in test.divisibleBy.by-number.35-is-not-divisible-by-1.5 (test)
    try check_valid(
    ^
error: 'draft3.test.divisibleBy.by-small-number.0.00751-is-not-divisible-by-0.0001' failed: Reason:
Expected Schema:
 {
     "divisibleBy": 0.0001
 }
To REJECT Case:
 0.00751
But it was ACCEPTED!
/Users/neb/code/jsonls/src/json-schema/test-suite/draft3.zig:13:5: 0x1051263fb in check_valid (test)
    return error.FailedTest;
    ^
/Users/neb/code/jsonls/src/json-schema/test-suite/draft3.zig:538:5: 0x1051f9f5f in test.divisibleBy.by-small-number.0.00751-is-not-divisible-by-0.0001 (test)
    try check_valid(
    ^
error: while executing test 'draft3.test.ref.root-pointer-ref.match', the following command terminated with signal 11 (expected exited with code 0):
./.zig-cache/o/260ea63492f6fa7181444bc9ef887216/test --cache-dir=./.zig-cache --seed=0xfaad01e8 --listen=-
test:suite
+- run test draft7       902/913 passed, 11 failed
thread 24091369 panic: Failed to parse JSON schema: error.UnrecognizedSchemaType

/Users/neb/code/jsonls/src/json-schema/json-schema.zig:626:9: 0x100fafee3 in parse_into_constraint (test)
        return error.UnrecognizedSchemaType;
        ^
/Users/neb/code/jsonls/src/json-schema/json-schema.zig:734:5: 0x100fae17b in parse_constraint (test)
    try parse_into_constraint(ctx, schema, constraint);
    ^
/Users/neb/code/jsonls/src/json-schema/json-schema.zig:1194:18: 0x100fc03fb in parse_applicator__if_then_else (test)
    const cond = try parse_constraint(ctx, cond_value.*);
                 ^
/Users/neb/code/jsonls/src/json-schema/json-schema.zig:718:9: 0x100fb0f6f in parse_into_constraint (test)
    if (try parse_applicator__if_then_else(ctx, obj)) |if_then_else| {
        ^
/Users/neb/code/jsonls/src/json-schema/json-schema.zig:734:5: 0x100fae17b in parse_constraint (test)
    try parse_into_constraint(ctx, schema, constraint);
    ^
/Users/neb/code/jsonls/src/json-schema/json-schema.zig:448:18: 0x100fad41b in parse_with_revision (test)
    const root = try parse_constraint(&ctx, root_json);
                 ^
/Users/neb/code/jsonls/src/json-schema/test-suite/draft7.zig:5:97: 0x100fae343 in check_valid (test)
    const schema = JSONSchema.parseWithRevision(schema_str, .draft7) catch |err| std.debug.panic("Failed to parse JSON schema: {}\n", .{err});
                                                                                                ^
/Users/neb/code/jsonls/src/json-schema/test-suite/draft7.zig:812:20: 0x10108276f in test.if-then-else.if-with-boolean-schema-true.boolean-schema-true-in-if-always-chooses-the-then-path-(valid) (test)
    try check_valid(
                   ^
/Users/neb/.local/share/mise/installs/zig/0.15.2/lib/compiler/test_runner.zig:130:29: 0x1010aebbb in mainServer (test)
                test_fn.func() catch |err| switch (err) {
                            ^
/Users/neb/.local/share/mise/installs/zig/0.15.2/lib/compiler/test_runner.zig:64:26: 0x1010ac1bb in main (test)
        return mainServer() catch @panic("internal test runner failure");
                         ^
/Users/neb/.local/share/mise/installs/zig/0.15.2/lib/std/start.zig:618:22: 0x1010abbe7 in main (test)
            root.main();
                     ^
???:?:?: 0x1991aab97 in ??? (???)
???:?:?: 0x0 in ??? (???)
error: 'draft7.test.refRemote.remote-ref.remote-ref-invalid' failed: Reason:
Expected Schema:
 {
     "$ref": "http://localhost:1234/integer.json"
 }
To REJECT Case:
 "a"
But it was ACCEPTED!
/Users/neb/code/jsonls/src/json-schema/test-suite/draft7.zig:13:5: 0x100fae3fb in check_valid (test)
    return error.FailedTest;
    ^
/Users/neb/code/jsonls/src/json-schema/test-suite/draft7.zig:104:5: 0x101081567 in test.refRemote.remote-ref.remote-ref-invalid (test)
    try check_valid(
    ^
error: 'draft7.test.refRemote.fragment-within-remote-ref.remote-fragment-invalid' failed: Reason:
Expected Schema:
 {
     "$ref": "http://localhost:1234/draft7/subSchemas.json#/definitions/integer"
 }
To REJECT Case:
 "a"
But it was ACCEPTED!
/Users/neb/code/jsonls/src/json-schema/test-suite/draft7.zig:13:5: 0x100fae3fb in check_valid (test)
    return error.FailedTest;
    ^
/Users/neb/code/jsonls/src/json-schema/test-suite/draft7.zig:126:5: 0x10108164f in test.refRemote.fragment-within-remote-ref.remote-fragment-invalid (test)
    try check_valid(
    ^
error: 'draft7.test.refRemote.ref-within-remote-ref.ref-within-ref-invalid' failed: Reason:
Expected Schema:
 {
     "$ref": "http://localhost:1234/draft7/subSchemas.json#/definitions/refToInteger"
 }
To REJECT Case:
 "a"
But it was ACCEPTED!
/Users/neb/code/jsonls/src/json-schema/test-suite/draft7.zig:13:5: 0x100fae3fb in check_valid (test)
    return error.FailedTest;
    ^
/Users/neb/code/jsonls/src/json-schema/test-suite/draft7.zig:148:5: 0x101081737 in test.refRemote.ref-within-remote-ref.ref-within-ref-invalid (test)
    try check_valid(
    ^
error: 'draft7.test.refRemote.base-URI-change.base-URI-change-ref-invalid' failed: Reason:
Expected Schema:
 {
     "$id": "http://localhost:1234/",
     "items": {
         "$id": "baseUriChange/",
         "items": {
             "$ref": "folderInteger.json"
         }
     }
 }
To REJECT Case:
 [
     [
         "a"
     ]
 ]
But it was ACCEPTED!
/Users/neb/code/jsonls/src/json-schema/test-suite/draft7.zig:13:5: 0x100fae3fb in check_valid (test)
    return error.FailedTest;
    ^
/Users/neb/code/jsonls/src/json-schema/test-suite/draft7.zig:180:5: 0x10108181f in test.refRemote.base-URI-change.base-URI-change-ref-invalid (test)
    try check_valid(
    ^
error: 'draft7.test.refRemote.base-URI-change---change-folder.string-is-invalid' failed: Reason:
Expected Schema:
 {
     "$id": "http://localhost:1234/scope_change_defs1.json",
     "type": "object",
     "properties": {
         "list": {
             "$ref": "#/definitions/baz"
         }
     },
     "definitions": {
         "baz": {
             "$id": "baseUriChangeFolder/",
             "type": "array",
             "items": {
                 "$ref": "folderInteger.json"
             }
         }
     }
 }
To REJECT Case:
 {
     "list": [
         "a"
     ]
 }
But it was ACCEPTED!
/Users/neb/code/jsonls/src/json-schema/test-suite/draft7.zig:13:5: 0x100fae3fb in check_valid (test)
    return error.FailedTest;
    ^
/Users/neb/code/jsonls/src/json-schema/test-suite/draft7.zig:231:5: 0x101081907 in test.refRemote.base-URI-change---change-folder.string-is-invalid (test)
    try check_valid(
    ^
error: 'draft7.test.refRemote.base-URI-change---change-folder-in-subschema.string-is-invalid' failed: Reason:
Expected Schema:
 {
     "$id": "http://localhost:1234/scope_change_defs2.json",
     "type": "object",
     "properties": {
         "list": {
             "$ref": "#/definitions/baz/definitions/bar"
         }
     },
     "definitions": {
         "baz": {
             "$id": "baseUriChangeFolderInSubschema/",
             "definitions": {
                 "bar": {
                     "type": "array",
                     "items": {
                         "$ref": "folderInteger.json"
                     }
                 }
             }
         }
     }
 }
To REJECT Case:
 {
     "list": [
         "a"
     ]
 }
But it was ACCEPTED!
/Users/neb/code/jsonls/src/json-schema/test-suite/draft7.zig:13:5: 0x100fae3fb in check_valid (test)
    return error.FailedTest;
    ^
/Users/neb/code/jsonls/src/json-schema/test-suite/draft7.zig:295:5: 0x1010819ef in test.refRemote.base-URI-change---change-folder-in-subschema.string-is-invalid (test)
    try check_valid(
    ^
error: 'draft7.test.refRemote.root-ref-in-remote-ref.object-is-invalid' failed: Reason:
Expected Schema:
 {
     "$id": "http://localhost:1234/object",
     "type": "object",
     "properties": {
         "name": {
             "$ref": "draft7/name.json#/definitions/orNull"
         }
     }
 }
To REJECT Case:
 {
     "name": {
         "name": null
     }
 }
But it was ACCEPTED!
/Users/neb/code/jsonls/src/json-schema/test-suite/draft7.zig:13:5: 0x100fae3fb in check_valid (test)
    return error.FailedTest;
    ^
/Users/neb/code/jsonls/src/json-schema/test-suite/draft7.zig:367:5: 0x101081b4b in test.refRemote.root-ref-in-remote-ref.object-is-invalid (test)
    try check_valid(
    ^
error: 'draft7.test.refRemote.remote-ref-with-ref-to-definitions.invalid' failed: Reason:
Expected Schema:
 {
     "$id": "http://localhost:1234/schema-remote-ref-ref-defs1.json",
     "allOf": [
         {
             "$ref": "draft7/ref-and-definitions.json"
         }
     ]
 }
To REJECT Case:
 {
     "bar": 1
 }
But it was ACCEPTED!
/Users/neb/code/jsonls/src/json-schema/test-suite/draft7.zig:13:5: 0x100fae3fb in check_valid (test)
    return error.FailedTest;
    ^
/Users/neb/code/jsonls/src/json-schema/test-suite/draft7.zig:388:5: 0x101081bbf in test.refRemote.remote-ref-with-ref-to-definitions.invalid (test)
    try check_valid(
    ^
error: 'draft7.test.refRemote.Location-independent-identifier-in-remote-ref.string-is-invalid' failed: Reason:
Expected Schema:
 {
     "$ref": "http://localhost:1234/draft7/locationIndependentIdentifier.json#/definitions/refToInteger"
 }
To REJECT Case:
 "foo"
But it was ACCEPTED!
/Users/neb/code/jsonls/src/json-schema/test-suite/draft7.zig:13:5: 0x100fae3fb in check_valid (test)
    return error.FailedTest;
    ^
/Users/neb/code/jsonls/src/json-schema/test-suite/draft7.zig:435:5: 0x101081d1b in test.refRemote.Location-independent-identifier-in-remote-ref.string-is-invalid (test)
    try check_valid(
    ^
error: 'draft7.test.refRemote.retrieved-nested-refs-resolve-relative-to-their-URI-not-$id.number-is-invalid' failed: Reason:
Expected Schema:
 {
     "$id": "http://localhost:1234/some-id",
     "properties": {
         "name": {
             "$ref": "nested/foo-ref-string.json"
         }
     }
 }
To REJECT Case:
 {
     "name": {
         "foo": 1
     }
 }
But it was ACCEPTED!
/Users/neb/code/jsonls/src/json-schema/test-suite/draft7.zig:13:5: 0x100fae3fb in check_valid (test)
    return error.FailedTest;
    ^
/Users/neb/code/jsonls/src/json-schema/test-suite/draft7.zig:446:5: 0x101081d8f in test.refRemote.retrieved-nested-refs-resolve-relative-to-their-URI-not-$id.number-is-invalid (test)
    try check_valid(
    ^
error: 'draft7.test.refRemote.$ref-to-$ref-finds-location-independent-$id.non-number-is-invalid' failed: Reason:
Expected Schema:
 {
     "$ref": "http://localhost:1234/draft7/detached-ref.json#/definitions/foo"
 }
To REJECT Case:
 "a"
But it was ACCEPTED!
/Users/neb/code/jsonls/src/json-schema/test-suite/draft7.zig:13:5: 0x100fae3fb in check_valid (test)
    return error.FailedTest;
    ^
/Users/neb/code/jsonls/src/json-schema/test-suite/draft7.zig:497:5: 0x101081eeb in test.refRemote.$ref-to-$ref-finds-location-independent-$id.non-number-is-invalid (test)
    try check_valid(
    ^
error: while executing test 'draft7.test.if-then-else.if-with-boolean-schema-true.boolean-schema-true-in-if-always-chooses-the-then-path-(valid)', the following command terminated with signal 6 (expected exited with code 0):
./.zig-cache/o/f2312f6dc8768e78d68e5d72eda74f40/test --cache-dir=./.zig-cache --seed=0xfaad01e8 --listen=-
test:suite
+- run test draft6       818/829 passed, 11 failed
error: 'draft6.test.refRemote.remote-ref.remote-ref-invalid' failed: Reason:
Expected Schema:
 {
     "$ref": "http://localhost:1234/integer.json"
 }
To REJECT Case:
 "a"
But it was ACCEPTED!
/Users/neb/code/jsonls/src/json-schema/test-suite/draft6.zig:13:5: 0x1051263fb in check_valid (test)
    return error.FailedTest;
    ^
/Users/neb/code/jsonls/src/json-schema/test-suite/draft6.zig:104:5: 0x1051f9567 in test.refRemote.remote-ref.remote-ref-invalid (test)
    try check_valid(
    ^
error: 'draft6.test.refRemote.fragment-within-remote-ref.remote-fragment-invalid' failed: Reason:
Expected Schema:
 {
     "$ref": "http://localhost:1234/draft6/subSchemas.json#/definitions/integer"
 }
To REJECT Case:
 "a"
But it was ACCEPTED!
/Users/neb/code/jsonls/src/json-schema/test-suite/draft6.zig:13:5: 0x1051263fb in check_valid (test)
    return error.FailedTest;
    ^
/Users/neb/code/jsonls/src/json-schema/test-suite/draft6.zig:126:5: 0x1051f964f in test.refRemote.fragment-within-remote-ref.remote-fragment-invalid (test)
    try check_valid(
    ^
error: 'draft6.test.refRemote.ref-within-remote-ref.ref-within-ref-invalid' failed: Reason:
Expected Schema:
 {
     "$ref": "http://localhost:1234/draft6/subSchemas.json#/definitions/refToInteger"
 }
To REJECT Case:
 "a"
But it was ACCEPTED!
/Users/neb/code/jsonls/src/json-schema/test-suite/draft6.zig:13:5: 0x1051263fb in check_valid (test)
    return error.FailedTest;
    ^
/Users/neb/code/jsonls/src/json-schema/test-suite/draft6.zig:148:5: 0x1051f9737 in test.refRemote.ref-within-remote-ref.ref-within-ref-invalid (test)
    try check_valid(
    ^
error: 'draft6.test.refRemote.base-URI-change.base-URI-change-ref-invalid' failed: Reason:
Expected Schema:
 {
     "$id": "http://localhost:1234/",
     "items": {
         "$id": "baseUriChange/",
         "items": {
             "$ref": "folderInteger.json"
         }
     }
 }
To REJECT Case:
 [
     [
         "a"
     ]
 ]
But it was ACCEPTED!
/Users/neb/code/jsonls/src/json-schema/test-suite/draft6.zig:13:5: 0x1051263fb in check_valid (test)
    return error.FailedTest;
    ^
/Users/neb/code/jsonls/src/json-schema/test-suite/draft6.zig:180:5: 0x1051f981f in test.refRemote.base-URI-change.base-URI-change-ref-invalid (test)
    try check_valid(
    ^
error: 'draft6.test.refRemote.base-URI-change---change-folder.string-is-invalid' failed: Reason:
Expected Schema:
 {
     "$id": "http://localhost:1234/scope_change_defs1.json",
     "type": "object",
     "properties": {
         "list": {
             "$ref": "#/definitions/baz"
         }
     },
     "definitions": {
         "baz": {
             "$id": "baseUriChangeFolder/",
             "type": "array",
             "items": {
                 "$ref": "folderInteger.json"
             }
         }
     }
 }
To REJECT Case:
 {
     "list": [
         "a"
     ]
 }
But it was ACCEPTED!
/Users/neb/code/jsonls/src/json-schema/test-suite/draft6.zig:13:5: 0x1051263fb in check_valid (test)
    return error.FailedTest;
    ^
/Users/neb/code/jsonls/src/json-schema/test-suite/draft6.zig:231:5: 0x1051f9907 in test.refRemote.base-URI-change---change-folder.string-is-invalid (test)
    try check_valid(
    ^
error: 'draft6.test.refRemote.base-URI-change---change-folder-in-subschema.string-is-invalid' failed: Reason:
Expected Schema:
 {
     "$id": "http://localhost:1234/scope_change_defs2.json",
     "type": "object",
     "properties": {
         "list": {
             "$ref": "#/definitions/baz/definitions/bar"
         }
     },
     "definitions": {
         "baz": {
             "$id": "baseUriChangeFolderInSubschema/",
             "definitions": {
                 "bar": {
                     "type": "array",
                     "items": {
                         "$ref": "folderInteger.json"
                     }
                 }
             }
         }
     }
 }
To REJECT Case:
 {
     "list": [
         "a"
     ]
 }
But it was ACCEPTED!
/Users/neb/code/jsonls/src/json-schema/test-suite/draft6.zig:13:5: 0x1051263fb in check_valid (test)
    return error.FailedTest;
    ^
/Users/neb/code/jsonls/src/json-schema/test-suite/draft6.zig:295:5: 0x1051f99ef in test.refRemote.base-URI-change---change-folder-in-subschema.string-is-invalid (test)
    try check_valid(
    ^
error: 'draft6.test.refRemote.root-ref-in-remote-ref.object-is-invalid' failed: Reason:
Expected Schema:
 {
     "$id": "http://localhost:1234/object",
     "type": "object",
     "properties": {
         "name": {
             "$ref": "draft6/name.json#/definitions/orNull"
         }
     }
 }
To REJECT Case:
 {
     "name": {
         "name": null
     }
 }
But it was ACCEPTED!
/Users/neb/code/jsonls/src/json-schema/test-suite/draft6.zig:13:5: 0x1051263fb in check_valid (test)
    return error.FailedTest;
    ^
/Users/neb/code/jsonls/src/json-schema/test-suite/draft6.zig:367:5: 0x1051f9b4b in test.refRemote.root-ref-in-remote-ref.object-is-invalid (test)
    try check_valid(
    ^
error: 'draft6.test.refRemote.remote-ref-with-ref-to-definitions.invalid' failed: Reason:
Expected Schema:
 {
     "$id": "http://localhost:1234/schema-remote-ref-ref-defs1.json",
     "allOf": [
         {
             "$ref": "draft6/ref-and-definitions.json"
         }
     ]
 }
To REJECT Case:
 {
     "bar": 1
 }
But it was ACCEPTED!
/Users/neb/code/jsonls/src/json-schema/test-suite/draft6.zig:13:5: 0x1051263fb in check_valid (test)
    return error.FailedTest;
    ^
/Users/neb/code/jsonls/src/json-schema/test-suite/draft6.zig:388:5: 0x1051f9bbf in test.refRemote.remote-ref-with-ref-to-definitions.invalid (test)
    try check_valid(
    ^
error: 'draft6.test.refRemote.Location-independent-identifier-in-remote-ref.string-is-invalid' failed: Reason:
Expected Schema:
 {
     "$ref": "http://localhost:1234/draft6/locationIndependentIdentifier.json#/definitions/refToInteger"
 }
To REJECT Case:
 "foo"
But it was ACCEPTED!
/Users/neb/code/jsonls/src/json-schema/test-suite/draft6.zig:13:5: 0x1051263fb in check_valid (test)
    return error.FailedTest;
    ^
/Users/neb/code/jsonls/src/json-schema/test-suite/draft6.zig:435:5: 0x1051f9d1b in test.refRemote.Location-independent-identifier-in-remote-ref.string-is-invalid (test)
    try check_valid(
    ^
error: 'draft6.test.refRemote.retrieved-nested-refs-resolve-relative-to-their-URI-not-$id.number-is-invalid' failed: Reason:
Expected Schema:
 {
     "$id": "http://localhost:1234/some-id",
     "properties": {
         "name": {
             "$ref": "nested/foo-ref-string.json"
         }
     }
 }
To REJECT Case:
 {
     "name": {
         "foo": 1
     }
 }
But it was ACCEPTED!
/Users/neb/code/jsonls/src/json-schema/test-suite/draft6.zig:13:5: 0x1051263fb in check_valid (test)
    return error.FailedTest;
    ^
/Users/neb/code/jsonls/src/json-schema/test-suite/draft6.zig:446:5: 0x1051f9d8f in test.refRemote.retrieved-nested-refs-resolve-relative-to-their-URI-not-$id.number-is-invalid (test)
    try check_valid(
    ^
error: 'draft6.test.refRemote.$ref-to-$ref-finds-location-independent-$id.non-number-is-invalid' failed: Reason:
Expected Schema:
 {
     "$ref": "http://localhost:1234/draft6/detached-ref.json#/definitions/foo"
 }
To REJECT Case:
 "a"
But it was ACCEPTED!
/Users/neb/code/jsonls/src/json-schema/test-suite/draft6.zig:13:5: 0x1051263fb in check_valid (test)
    return error.FailedTest;
    ^
/Users/neb/code/jsonls/src/json-schema/test-suite/draft6.zig:497:5: 0x1051f9eeb in test.refRemote.$ref-to-$ref-finds-location-independent-$id.non-number-is-invalid (test)
    try check_valid(
    ^
error: while executing test 'draft6.test.ref.root-pointer-ref.match', the following command terminated with signal 11 (expected exited with code 0):
./.zig-cache/o/c315d0ca00fad17ad9b0bb7e82ad21d5/test --cache-dir=./.zig-cache --seed=0xfaad01e8 --listen=-
test:suite
+- run test draft2019-09 1192/1227 passed, 35 failed
thread 24091372 panic: Failed to parse JSON schema: error.UnrecognizedSchemaType

/Users/neb/code/jsonls/src/json-schema/json-schema.zig:626:9: 0x10301bee3 in parse_into_constraint (test)
        return error.UnrecognizedSchemaType;
        ^
/Users/neb/code/jsonls/src/json-schema/json-schema.zig:734:5: 0x10301a17b in parse_constraint (test)
    try parse_into_constraint(ctx, schema, constraint);
    ^
/Users/neb/code/jsonls/src/json-schema/json-schema.zig:1194:18: 0x10302c3fb in parse_applicator__if_then_else (test)
    const cond = try parse_constraint(ctx, cond_value.*);
                 ^
/Users/neb/code/jsonls/src/json-schema/json-schema.zig:718:9: 0x10301cf6f in parse_into_constraint (test)
    if (try parse_applicator__if_then_else(ctx, obj)) |if_then_else| {
        ^
/Users/neb/code/jsonls/src/json-schema/json-schema.zig:734:5: 0x10301a17b in parse_constraint (test)
    try parse_into_constraint(ctx, schema, constraint);
    ^
/Users/neb/code/jsonls/src/json-schema/json-schema.zig:448:18: 0x10301941b in parse_with_revision (test)
    const root = try parse_constraint(&ctx, root_json);
                 ^
/Users/neb/code/jsonls/src/json-schema/test-suite/draft2019-09.zig:5:103: 0x10301a343 in check_valid (test)
    const schema = JSONSchema.parseWithRevision(schema_str, .draft2019_09) catch |err| std.debug.panic("Failed to parse JSON schema: {}\n", .{err});
                                                                                                      ^
/Users/neb/code/jsonls/src/json-schema/test-suite/draft2019-09.zig:2400:20: 0x1030f03fb in test.if-then-else.if-with-boolean-schema-true.boolean-schema-true-in-if-always-chooses-the-then-path-(valid) (test)
    try check_valid(
                   ^
/Users/neb/.local/share/mise/installs/zig/0.15.2/lib/compiler/test_runner.zig:130:29: 0x103123a03 in mainServer (test)
                test_fn.func() catch |err| switch (err) {
                            ^
/Users/neb/.local/share/mise/installs/zig/0.15.2/lib/compiler/test_runner.zig:64:26: 0x103121003 in main (test)
        return mainServer() catch @panic("internal test runner failure");
                         ^
/Users/neb/.local/share/mise/installs/zig/0.15.2/lib/std/start.zig:618:22: 0x103120a2f in main (test)
            root.main();
                     ^
???:?:?: 0x1991aab97 in ??? (???)
???:?:?: 0x0 in ??? (???)
error: 'draft2019-09.test.unevaluatedItems.unevaluatedItems-false.with-unevaluated-items' failed: Reason:
Expected Schema:
 {
     "$schema": "https://json-schema.org/draft/2019-09/schema",
     "unevaluatedItems": false
 }
To REJECT Case:
 [
     "foo"
 ]
But it was ACCEPTED!
/Users/neb/code/jsonls/src/json-schema/test-suite/draft2019-09.zig:13:5: 0x10301a3fb in check_valid (test)
    return error.FailedTest;
    ^
/Users/neb/code/jsonls/src/json-schema/test-suite/draft2019-09.zig:54:5: 0x1030ed323 in test.unevaluatedItems.unevaluatedItems-false.with-unevaluated-items (test)
    try check_valid(
    ^
error: 'draft2019-09.test.unevaluatedItems.unevaluatedItems-as-schema.with-invalid-unevaluated-items' failed: Reason:
Expected Schema:
 {
     "$schema": "https://json-schema.org/draft/2019-09/schema",
     "unevaluatedItems": {
         "type": "string"
     }
 }
To REJECT Case:
 [
     42
 ]
But it was ACCEPTED!
/Users/neb/code/jsonls/src/json-schema/test-suite/draft2019-09.zig:13:5: 0x10301a3fb in check_valid (test)
    return error.FailedTest;
    ^
/Users/neb/code/jsonls/src/json-schema/test-suite/draft2019-09.zig:98:5: 0x1030ed47f in test.unevaluatedItems.unevaluatedItems-as-schema.with-invalid-unevaluated-items (test)
    try check_valid(
    ^
error: 'draft2019-09.test.unevaluatedItems.unevaluatedItems-with-tuple.with-unevaluated-items' failed: Reason:
Expected Schema:
 {
     "$schema": "https://json-schema.org/draft/2019-09/schema",
     "items": [
         {
             "type": "string"
         }
     ],
     "unevaluatedItems": false
 }
To REJECT Case:
 [
     "foo",
     "bar"
 ]
But it was ACCEPTED!
/Users/neb/code/jsonls/src/json-schema/test-suite/draft2019-09.zig:13:5: 0x10301a3fb in check_valid (test)
    return error.FailedTest;
    ^
/Users/neb/code/jsonls/src/json-schema/test-suite/draft2019-09.zig:151:5: 0x1030ed5db in test.unevaluatedItems.unevaluatedItems-with-tuple.with-unevaluated-items (test)
    try check_valid(
    ^
error: 'draft2019-09.test.unevaluatedItems.unevaluatedItems-with-ignored-additionalItems.invalid-under-unevaluatedItems' failed: Reason:
Expected Schema:
 {
     "$schema": "https://json-schema.org/draft/2019-09/schema",
     "additionalItems": {
         "type": "number"
     },
     "unevaluatedItems": {
         "type": "string"
     }
 }
To REJECT Case:
 [
     "foo",
     1
 ]
But it was ACCEPTED!
/Users/neb/code/jsonls/src/json-schema/test-suite/draft2019-09.zig:13:5: 0x10301a3fb in check_valid (test)
    return error.FailedTest;
    ^
/Users/neb/code/jsonls/src/json-schema/test-suite/draft2019-09.zig:192:5: 0x1030ed6c3 in test.unevaluatedItems.unevaluatedItems-with-ignored-additionalItems.invalid-under-unevaluatedItems (test)
    try check_valid(
    ^
error: 'draft2019-09.test.unevaluatedItems.unevaluatedItems-with-ignored-applicator-additionalItems.invalid-under-unevaluatedItems' failed: Reason:
Expected Schema:
 {
     "$schema": "https://json-schema.org/draft/2019-09/schema",
     "allOf": [
         {
             "additionalItems": {
                 "type": "number"
             }
         }
     ],
     "unevaluatedItems": {
         "type": "string"
     }
 }
To REJECT Case:
 [
     "foo",
     1
 ]
But it was ACCEPTED!
/Users/neb/code/jsonls/src/json-schema/test-suite/draft2019-09.zig:13:5: 0x10301a3fb in check_valid (test)
    return error.FailedTest;
    ^
/Users/neb/code/jsonls/src/json-schema/test-suite/draft2019-09.zig:233:5: 0x1030ed7ab in test.unevaluatedItems.unevaluatedItems-with-ignored-applicator-additionalItems.invalid-under-unevaluatedItems (test)
    try check_valid(
    ^
error: 'draft2019-09.test.unevaluatedItems.unevaluatedItems-with-nested-tuple.with-unevaluated-items' failed: Reason:
Expected Schema:
 {
     "$schema": "https://json-schema.org/draft/2019-09/schema",
     "items": [
         {
             "type": "string"
         }
     ],
     "allOf": [
         {
             "items": [
                 true,
                 {
                     "type": "number"
                 }
             ]
         }
     ],
     "unevaluatedItems": false
 }
To REJECT Case:
 [
     "foo",
     42,
     true
 ]
But it was ACCEPTED!
/Users/neb/code/jsonls/src/json-schema/test-suite/draft2019-09.zig:13:5: 0x10301a3fb in check_valid (test)
    return error.FailedTest;
    ^
/Users/neb/code/jsonls/src/json-schema/test-suite/draft2019-09.zig:312:5: 0x1030ed907 in test.unevaluatedItems.unevaluatedItems-with-nested-tuple.with-unevaluated-items (test)
    try check_valid(
    ^
error: 'draft2019-09.test.unevaluatedItems.unevaluatedItems-with-nested-items.with-invalid-additional-item' failed: Reason:
Expected Schema:
 {
     "$schema": "https://json-schema.org/draft/2019-09/schema",
     "unevaluatedItems": {
         "type": "boolean"
     },
     "anyOf": [
         {
             "items": {
                 "type": "string"
             }
         },
         true
     ]
 }
To REJECT Case:
 [
     "yes",
     false
 ]
But it was ACCEPTED!
/Users/neb/code/jsonls/src/json-schema/test-suite/draft2019-09.zig:13:5: 0x10301a3fb in check_valid (test)
    return error.FailedTest;
    ^
/Users/neb/code/jsonls/src/json-schema/test-suite/draft2019-09.zig:393:5: 0x1030eda63 in test.unevaluatedItems.unevaluatedItems-with-nested-items.with-invalid-additional-item (test)
    try check_valid(
    ^
error: 'draft2019-09.test.unevaluatedItems.unevaluatedItems-with-anyOf.when-one-schema-matches-and-has-unevaluated-items' failed: Reason:
Expected Schema:
 {
     "$schema": "https://json-schema.org/draft/2019-09/schema",
     "items": [
         {
             "const": "foo"
         }
     ],
     "anyOf": [
         {
             "items": [
                 true,
                 {
                     "const": "bar"
                 }
             ]
         },
         {
             "items": [
                 true,
                 true,
                 {
                     "const": "baz"
                 }
             ]
         }
     ],
     "unevaluatedItems": false
 }
To REJECT Case:
 [
     "foo",
     "bar",
     42
 ]
But it was ACCEPTED!
/Users/neb/code/jsonls/src/json-schema/test-suite/draft2019-09.zig:13:5: 0x10301a3fb in check_valid (test)
    return error.FailedTest;
    ^
/Users/neb/code/jsonls/src/json-schema/test-suite/draft2019-09.zig:561:5: 0x1030edd1b in test.unevaluatedItems.unevaluatedItems-with-anyOf.when-one-schema-matches-and-has-unevaluated-items (test)
    try check_valid(
    ^
error: 'draft2019-09.test.unevaluatedItems.unevaluatedItems-with-anyOf.when-two-schemas-match-and-has-unevaluated-items' failed: Reason:
Expected Schema:
 {
     "$schema": "https://json-schema.org/draft/2019-09/schema",
     "items": [
         {
             "const": "foo"
         }
     ],
     "anyOf": [
         {
             "items": [
                 true,
                 {
                     "const": "bar"
                 }
             ]
         },
         {
             "items": [
                 true,
                 true,
                 {
                     "const": "baz"
                 }
             ]
         }
     ],
     "unevaluatedItems": false
 }
To REJECT Case:
 [
     "foo",
     "bar",
     "baz",
     42
 ]
But it was ACCEPTED!
/Users/neb/code/jsonls/src/json-schema/test-suite/draft2019-09.zig:13:5: 0x10301a3fb in check_valid (test)
    return error.FailedTest;
    ^
/Users/neb/code/jsonls/src/json-schema/test-suite/draft2019-09.zig:641:5: 0x1030ede03 in test.unevaluatedItems.unevaluatedItems-with-anyOf.when-two-schemas-match-and-has-unevaluated-items (test)
    try check_valid(
    ^
error: 'draft2019-09.test.unevaluatedItems.unevaluatedItems-with-oneOf.with-no-unevaluated-items' failed: Reason:
Expected Schema:
 {
     "$schema": "https://json-schema.org/draft/2019-09/schema",
     "items": [
         {
             "const": "foo"
         }
     ],
     "oneOf": [
         {
             "items": [
                 true,
                 {
                     "const": "bar"
                 }
             ]
         },
         {
             "items": [
                 true,
                 {
                     "const": "baz"
                 }
             ]
         }
     ],
     "unevaluatedItems": false
 }
To ACCEPT Case:
 [
     "foo",
     "bar"
 ]
But it was REJECTED!
/Users/neb/code/jsonls/src/json-schema/test-suite/draft2019-09.zig:13:5: 0x10301a3fb in check_valid (test)
    return error.FailedTest;
    ^
/Users/neb/code/jsonls/src/json-schema/test-suite/draft2019-09.zig:682:5: 0x1030ede77 in test.unevaluatedItems.unevaluatedItems-with-oneOf.with-no-unevaluated-items (test)
    try check_valid(
    ^
error: 'draft2019-09.test.unevaluatedItems.unevaluatedItems-with-not.with-unevaluated-items' failed: Reason:
Expected Schema:
 {
     "$schema": "https://json-schema.org/draft/2019-09/schema",
     "items": [
         {
             "const": "foo"
         }
     ],
     "not": {
         "not": {
             "items": [
                 true,
                 {
                     "const": "bar"
                 }
             ]
         }
     },
     "unevaluatedItems": false
 }
To REJECT Case:
 [
     "foo",
     "bar"
 ]
But it was ACCEPTED!
/Users/neb/code/jsonls/src/json-schema/test-suite/draft2019-09.zig:13:5: 0x10301a3fb in check_valid (test)
    return error.FailedTest;
    ^
/Users/neb/code/jsonls/src/json-schema/test-suite/draft2019-09.zig:759:5: 0x1030edf5f in test.unevaluatedItems.unevaluatedItems-with-not.with-unevaluated-items (test)
    try check_valid(
    ^
error: 'draft2019-09.test.unevaluatedItems.unevaluatedItems-with-if/then/else.when-if-matches-and-it-has-unevaluated-items' failed: Reason:
Expected Schema:
 {
     "$schema": "https://json-schema.org/draft/2019-09/schema",
     "items": [
         {
             "const": "foo"
         }
     ],
     "if": {
         "items": [
             true,
             {
                 "const": "bar"
             }
         ]
     },
     "then": {
         "items": [
             true,
             true,
             {
                 "const": "then"
             }
         ]
     },
     "else": {
         "items": [
             true,
             true,
             true,
             {
                 "const": "else"
             }
         ]
     },
     "unevaluatedItems": false
 }
To REJECT Case:
 [
     "foo",
     "bar",
     "then",
     "else"
 ]
But it was ACCEPTED!
/Users/neb/code/jsonls/src/json-schema/test-suite/draft2019-09.zig:13:5: 0x10301a3fb in check_valid (test)
    return error.FailedTest;
    ^
/Users/neb/code/jsonls/src/json-schema/test-suite/draft2019-09.zig:837:5: 0x1030ee047 in test.unevaluatedItems.unevaluatedItems-with-if/then/else.when-if-matches-and-it-has-unevaluated-items (test)
    try check_valid(
    ^
error: 'draft2019-09.test.unevaluatedItems.unevaluatedItems-with-if/then/else.when-if-doesn't-match-and-it-has-unevaluated-items' failed: Reason:
Expected Schema:
 {
     "$schema": "https://json-schema.org/draft/2019-09/schema",
     "items": [
         {
             "const": "foo"
         }
     ],
     "if": {
         "items": [
             true,
             {
                 "const": "bar"
             }
         ]
     },
     "then": {
         "items": [
             true,
             true,
             {
                 "const": "then"
             }
         ]
     },
     "else": {
         "items": [
             true,
             true,
             true,
             {
                 "const": "else"
             }
         ]
     },
     "unevaluatedItems": false
 }
To REJECT Case:
 [
     "foo",
     42,
     42,
     "else",
     42
 ]
But it was ACCEPTED!
/Users/neb/code/jsonls/src/json-schema/test-suite/draft2019-09.zig:13:5: 0x10301a3fb in check_valid (test)
    return error.FailedTest;
    ^
/Users/neb/code/jsonls/src/json-schema/test-suite/draft2019-09.zig:935:5: 0x1030ee12f in test.unevaluatedItems.unevaluatedItems-with-if/then/else.when-if-doesn't-match-and-it-has-unevaluated-items (test)
    try check_valid(
    ^
error: 'draft2019-09.test.unevaluatedItems.unevaluatedItems-with-boolean-schemas.with-unevaluated-items' failed: Reason:
Expected Schema:
 {
     "$schema": "https://json-schema.org/draft/2019-09/schema",
     "allOf": [
         true
     ],
     "unevaluatedItems": false
 }
To REJECT Case:
 [
     "foo"
 ]
But it was ACCEPTED!
/Users/neb/code/jsonls/src/json-schema/test-suite/draft2019-09.zig:13:5: 0x10301a3fb in check_valid (test)
    return error.FailedTest;
    ^
/Users/neb/code/jsonls/src/json-schema/test-suite/draft2019-09.zig:1000:5: 0x1030ee217 in test.unevaluatedItems.unevaluatedItems-with-boolean-schemas.with-unevaluated-items (test)
    try check_valid(
    ^
error: 'draft2019-09.test.unevaluatedItems.unevaluatedItems-with-$ref.with-unevaluated-items' failed: Reason:
Expected Schema:
 {
     "$schema": "https://json-schema.org/draft/2019-09/schema",
     "$ref": "#/$defs/bar",
     "items": [
         {
             "type": "string"
         }
     ],
     "unevaluatedItems": false,
     "$defs": {
         "bar": {
             "items": [
                 true,
                 {
                     "type": "string"
                 }
             ]
         }
     }
 }
To REJECT Case:
 [
     "foo",
     "bar",
     "baz"
 ]
But it was ACCEPTED!
/Users/neb/code/jsonls/src/json-schema/test-suite/draft2019-09.zig:13:5: 0x10301a3fb in check_valid (test)
    return error.FailedTest;
    ^
/Users/neb/code/jsonls/src/json-schema/test-suite/draft2019-09.zig:1048:5: 0x1030ee2ff in test.unevaluatedItems.unevaluatedItems-with-$ref.with-unevaluated-items (test)
    try check_valid(
    ^
error: 'draft2019-09.test.unevaluatedItems.unevaluatedItems-before-$ref.with-unevaluated-items' failed: Reason:
Expected Schema:
 {
     "$schema": "https://json-schema.org/draft/2019-09/schema",
     "unevaluatedItems": false,
     "items": [
         {
             "type": "string"
         }
     ],
     "$ref": "#/$defs/bar",
     "$defs": {
         "bar": {
             "items": [
                 true,
                 {
                     "type": "string"
                 }
             ]
         }
     }
 }
To REJECT Case:
 [
     "foo",
     "bar",
     "baz"
 ]
But it was ACCEPTED!
/Users/neb/code/jsonls/src/json-schema/test-suite/draft2019-09.zig:13:5: 0x10301a3fb in check_valid (test)
    return error.FailedTest;
    ^
/Users/neb/code/jsonls/src/json-schema/test-suite/draft2019-09.zig:1111:5: 0x1030ee3e7 in test.unevaluatedItems.unevaluatedItems-before-$ref.with-unevaluated-items (test)
    try check_valid(
    ^
error: 'draft2019-09.test.unevaluatedItems.unevaluatedItems-with-$recursiveRef.with-unevaluated-items' failed: Reason:
Expected Schema:
 {
     "$schema": "https://json-schema.org/draft/2019-09/schema",
     "$id": "https://example.com/unevaluated-items-with-recursive-ref/extended-tree",
     "$recursiveAnchor": true,
     "$ref": "./tree",
     "items": [
         true,
         true,
         {
             "type": "string"
         }
     ],
     "$defs": {
         "tree": {
             "$id": "./tree",
             "$recursiveAnchor": true,
             "type": "array",
             "items": [
                 {
                     "type": "number"
                 },
                 {
                     "$comment": "unevaluatedItems comes first so it's more likely to catch bugs with implementations that are sensitive to keyword ordering",
                     "unevaluatedItems": false,
                     "$recursiveRef": "#"
                 }
             ]
         }
     }
 }
To REJECT Case:
 [
     1,
     [
         2,
         [],
         "b",
         "too many"
     ],
     "a"
 ]
But it was ACCEPTED!
/Users/neb/code/jsonls/src/json-schema/test-suite/draft2019-09.zig:13:5: 0x10301a3fb in check_valid (test)
    return error.FailedTest;
    ^
/Users/neb/code/jsonls/src/json-schema/test-suite/draft2019-09.zig:1189:5: 0x1030ee4cf in test.unevaluatedItems.unevaluatedItems-with-$recursiveRef.with-unevaluated-items (test)
    try check_valid(
    ^
error: 'draft2019-09.test.unevaluatedItems.unevaluatedItems-can't-see-inside-cousins.always-fails' failed: Reason:
Expected Schema:
 {
     "$schema": "https://json-schema.org/draft/2019-09/schema",
     "allOf": [
         {
             "items": [
                 true
             ]
         },
         {
             "unevaluatedItems": false
         }
     ]
 }
To REJECT Case:
 [
     1
 ]
But it was ACCEPTED!
/Users/neb/code/jsonls/src/json-schema/test-suite/draft2019-09.zig:13:5: 0x10301a3fb in check_valid (test)
    return error.FailedTest;
    ^
/Users/neb/code/jsonls/src/json-schema/test-suite/draft2019-09.zig:1236:5: 0x1030ee543 in test.unevaluatedItems.unevaluatedItems-can't-see-inside-cousins.always-fails (test)
    try check_valid(
    ^
error: 'draft2019-09.test.unevaluatedItems.item-is-evaluated-in-an-uncle-schema-to-unevaluatedItems.uncle-keyword-evaluation-is-not-significant' failed: Reason:
Expected Schema:
 {
     "$schema": "https://json-schema.org/draft/2019-09/schema",
     "properties": {
         "foo": {
             "items": [
                 {
                     "type": "string"
                 }
             ],
             "unevaluatedItems": false
         }
     },
     "anyOf": [
         {
             "properties": {
                 "foo": {
                     "items": [
                         true,
                         {
                             "type": "string"
                         }
                     ]
                 }
             }
         }
     ]
 }
To REJECT Case:
 {
     "foo": [
         "test",
         "test"
     ]
 }
But it was ACCEPTED!
/Users/neb/code/jsonls/src/json-schema/test-suite/draft2019-09.zig:13:5: 0x10301a3fb in check_valid (test)
    return error.FailedTest;
    ^
/Users/neb/code/jsonls/src/json-schema/test-suite/draft2019-09.zig:1298:5: 0x1030ee62b in test.unevaluatedItems.item-is-evaluated-in-an-uncle-schema-to-unevaluatedItems.uncle-keyword-evaluation-is-not-significant (test)
    try check_valid(
    ^
error: 'draft2019-09.test.unevaluatedItems.unevaluatedItems-can-see-annotations-from-if-without-then-and-else.invalid-in-case-if-is-evaluated' failed: Reason:
Expected Schema:
 {
     "$schema": "https://json-schema.org/draft/2019-09/schema",
     "if": {
         "items": [
             {
                 "const": "a"
             }
         ]
     },
     "unevaluatedItems": false
 }
To REJECT Case:
 [
     "b"
 ]
But it was ACCEPTED!
/Users/neb/code/jsonls/src/json-schema/test-suite/draft2019-09.zig:13:5: 0x10301a3fb in check_valid (test)
    return error.FailedTest;
    ^
/Users/neb/code/jsonls/src/json-schema/test-suite/draft2019-09.zig:1447:5: 0x1030eea3f in test.unevaluatedItems.unevaluatedItems-can-see-annotations-from-if-without-then-and-else.invalid-in-case-if-is-evaluated (test)
    try check_valid(
    ^
error: 'draft2019-09.test.refRemote.remote-ref.remote-ref-invalid' failed: Reason:
Expected Schema:
 {
     "$schema": "https://json-schema.org/draft/2019-09/schema",
     "$ref": "http://localhost:1234/draft2019-09/integer.json"
 }
To REJECT Case:
 "a"
But it was ACCEPTED!
/Users/neb/code/jsonls/src/json-schema/test-suite/draft2019-09.zig:13:5: 0x10301a3fb in check_valid (test)
    return error.FailedTest;
    ^
/Users/neb/code/jsonls/src/json-schema/test-suite/draft2019-09.zig:1564:5: 0x1030eee53 in test.refRemote.remote-ref.remote-ref-invalid (test)
    try check_valid(
    ^
error: 'draft2019-09.test.refRemote.fragment-within-remote-ref.remote-fragment-invalid' failed: Reason:
Expected Schema:
 {
     "$schema": "https://json-schema.org/draft/2019-09/schema",
     "$ref": "http://localhost:1234/draft2019-09/subSchemas.json#/$defs/integer"
 }
To REJECT Case:
 "a"
But it was ACCEPTED!
/Users/neb/code/jsonls/src/json-schema/test-suite/draft2019-09.zig:13:5: 0x10301a3fb in check_valid (test)
    return error.FailedTest;
    ^
/Users/neb/code/jsonls/src/json-schema/test-suite/draft2019-09.zig:1588:5: 0x1030eef3b in test.refRemote.fragment-within-remote-ref.remote-fragment-invalid (test)
    try check_valid(
    ^
error: 'draft2019-09.test.refRemote.anchor-within-remote-ref.remote-anchor-invalid' failed: Reason:
Expected Schema:
 {
     "$schema": "https://json-schema.org/draft/2019-09/schema",
     "$ref": "http://localhost:1234/draft2019-09/locationIndependentIdentifier.json#foo"
 }
To REJECT Case:
 "a"
But it was ACCEPTED!
/Users/neb/code/jsonls/src/json-schema/test-suite/draft2019-09.zig:13:5: 0x10301a3fb in check_valid (test)
    return error.FailedTest;
    ^
/Users/neb/code/jsonls/src/json-schema/test-suite/draft2019-09.zig:1612:5: 0x1030ef023 in test.refRemote.anchor-within-remote-ref.remote-anchor-invalid (test)
    try check_valid(
    ^
error: 'draft2019-09.test.refRemote.ref-within-remote-ref.ref-within-ref-invalid' failed: Reason:
Expected Schema:
 {
     "$schema": "https://json-schema.org/draft/2019-09/schema",
     "$ref": "http://localhost:1234/draft2019-09/subSchemas.json#/$defs/refToInteger"
 }
To REJECT Case:
 "a"
But it was ACCEPTED!
/Users/neb/code/jsonls/src/json-schema/test-suite/draft2019-09.zig:13:5: 0x10301a3fb in check_valid (test)
    return error.FailedTest;
    ^
/Users/neb/code/jsonls/src/json-schema/test-suite/draft2019-09.zig:1636:5: 0x1030ef10b in test.refRemote.ref-within-remote-ref.ref-within-ref-invalid (test)
    try check_valid(
    ^
error: 'draft2019-09.test.refRemote.base-URI-change.base-URI-change-ref-invalid' failed: Reason:
Expected Schema:
 {
     "$schema": "https://json-schema.org/draft/2019-09/schema",
     "$id": "http://localhost:1234/draft2019-09/",
     "items": {
         "$id": "baseUriChange/",
         "items": {
             "$ref": "folderInteger.json"
         }
     }
 }
To REJECT Case:
 [
     [
         "a"
     ]
 ]
But it was ACCEPTED!
/Users/neb/code/jsonls/src/json-schema/test-suite/draft2019-09.zig:13:5: 0x10301a3fb in check_valid (test)
    return error.FailedTest;
    ^
/Users/neb/code/jsonls/src/json-schema/test-suite/draft2019-09.zig:1670:5: 0x1030ef1f3 in test.refRemote.base-URI-change.base-URI-change-ref-invalid (test)
    try check_valid(
    ^
error: 'draft2019-09.test.refRemote.base-URI-change---change-folder.string-is-invalid' failed: Reason:
Expected Schema:
 {
     "$schema": "https://json-schema.org/draft/2019-09/schema",
     "$id": "http://localhost:1234/draft2019-09/scope_change_defs1.json",
     "type": "object",
     "properties": {
         "list": {
             "$ref": "baseUriChangeFolder/"
         }
     },
     "$defs": {
         "baz": {
             "$id": "baseUriChangeFolder/",
             "type": "array",
             "items": {
                 "$ref": "folderInteger.json"
             }
         }
     }
 }
To REJECT Case:
 {
     "list": [
         "a"
     ]
 }
But it was ACCEPTED!
/Users/neb/code/jsonls/src/json-schema/test-suite/draft2019-09.zig:13:5: 0x10301a3fb in check_valid (test)
    return error.FailedTest;
    ^
/Users/neb/code/jsonls/src/json-schema/test-suite/draft2019-09.zig:1723:5: 0x1030ef2db in test.refRemote.base-URI-change---change-folder.string-is-invalid (test)
    try check_valid(
    ^
error: 'draft2019-09.test.refRemote.base-URI-change---change-folder-in-subschema.string-is-invalid' failed: Reason:
Expected Schema:
 {
     "$schema": "https://json-schema.org/draft/2019-09/schema",
     "$id": "http://localhost:1234/draft2019-09/scope_change_defs2.json",
     "type": "object",
     "properties": {
         "list": {
             "$ref": "baseUriChangeFolderInSubschema/#/$defs/bar"
         }
     },
     "$defs": {
         "baz": {
             "$id": "baseUriChangeFolderInSubschema/",
             "$defs": {
                 "bar": {
                     "type": "array",
                     "items": {
                         "$ref": "folderInteger.json"
                     }
                 }
             }
         }
     }
 }
To REJECT Case:
 {
     "list": [
         "a"
     ]
 }
But it was ACCEPTED!
/Users/neb/code/jsonls/src/json-schema/test-suite/draft2019-09.zig:13:5: 0x10301a3fb in check_valid (test)
    return error.FailedTest;
    ^
/Users/neb/code/jsonls/src/json-schema/test-suite/draft2019-09.zig:1789:5: 0x1030ef3c3 in test.refRemote.base-URI-change---change-folder-in-subschema.string-is-invalid (test)
    try check_valid(
    ^
error: 'draft2019-09.test.refRemote.root-ref-in-remote-ref.object-is-invalid' failed: Reason:
Expected Schema:
 {
     "$schema": "https://json-schema.org/draft/2019-09/schema",
     "$id": "http://localhost:1234/draft2019-09/object",
     "type": "object",
     "properties": {
         "name": {
             "$ref": "name-defs.json#/$defs/orNull"
         }
     }
 }
To REJECT Case:
 {
     "name": {
         "name": null
     }
 }
But it was ACCEPTED!
/Users/neb/code/jsonls/src/json-schema/test-suite/draft2019-09.zig:13:5: 0x10301a3fb in check_valid (test)
    return error.FailedTest;
    ^
/Users/neb/code/jsonls/src/json-schema/test-suite/draft2019-09.zig:1864:5: 0x1030ef51f in test.refRemote.root-ref-in-remote-ref.object-is-invalid (test)
    try check_valid(
    ^
error: 'draft2019-09.test.refRemote.remote-ref-with-ref-to-defs.invalid' failed: Reason:
Expected Schema:
 {
     "$schema": "https://json-schema.org/draft/2019-09/schema",
     "$id": "http://localhost:1234/draft2019-09/schema-remote-ref-ref-defs1.json",
     "$ref": "ref-and-defs.json"
 }
To REJECT Case:
 {
     "bar": 1
 }
But it was ACCEPTED!
/Users/neb/code/jsonls/src/json-schema/test-suite/draft2019-09.zig:13:5: 0x10301a3fb in check_valid (test)
    return error.FailedTest;
    ^
/Users/neb/code/jsonls/src/json-schema/test-suite/draft2019-09.zig:1886:5: 0x1030ef593 in test.refRemote.remote-ref-with-ref-to-defs.invalid (test)
    try check_valid(
    ^
error: 'draft2019-09.test.refRemote.Location-independent-identifier-in-remote-ref.string-is-invalid' failed: Reason:
Expected Schema:
 {
     "$schema": "https://json-schema.org/draft/2019-09/schema",
     "$ref": "http://localhost:1234/draft2019-09/locationIndependentIdentifier.json#/$defs/refToInteger"
 }
To REJECT Case:
 "foo"
But it was ACCEPTED!
/Users/neb/code/jsonls/src/json-schema/test-suite/draft2019-09.zig:13:5: 0x10301a3fb in check_valid (test)
    return error.FailedTest;
    ^
/Users/neb/code/jsonls/src/json-schema/test-suite/draft2019-09.zig:1928:5: 0x1030ef6ef in test.refRemote.Location-independent-identifier-in-remote-ref.string-is-invalid (test)
    try check_valid(
    ^
error: 'draft2019-09.test.refRemote.retrieved-nested-refs-resolve-relative-to-their-URI-not-$id.number-is-invalid' failed: Reason:
Expected Schema:
 {
     "$schema": "https://json-schema.org/draft/2019-09/schema",
     "$id": "http://localhost:1234/draft2019-09/some-id",
     "properties": {
         "name": {
             "$ref": "nested/foo-ref-string.json"
         }
     }
 }
To REJECT Case:
 {
     "name": {
         "foo": 1
     }
 }
But it was ACCEPTED!
/Users/neb/code/jsonls/src/json-schema/test-suite/draft2019-09.zig:13:5: 0x10301a3fb in check_valid (test)
    return error.FailedTest;
    ^
/Users/neb/code/jsonls/src/json-schema/test-suite/draft2019-09.zig:1940:5: 0x1030ef763 in test.refRemote.retrieved-nested-refs-resolve-relative-to-their-URI-not-$id.number-is-invalid (test)
    try check_valid(
    ^
error: 'draft2019-09.test.refRemote.remote-HTTP-ref-with-different-$id.number-is-invalid' failed: Reason:
Expected Schema:
 {
     "$schema": "https://json-schema.org/draft/2019-09/schema",
     "$ref": "http://localhost:1234/different-id-ref-string.json"
 }
To REJECT Case:
 1
But it was ACCEPTED!
/Users/neb/code/jsonls/src/json-schema/test-suite/draft2019-09.zig:13:5: 0x10301a3fb in check_valid (test)
    return error.FailedTest;
    ^
/Users/neb/code/jsonls/src/json-schema/test-suite/draft2019-09.zig:1982:5: 0x1030ef84b in test.refRemote.remote-HTTP-ref-with-different-$id.number-is-invalid (test)
    try check_valid(
    ^
error: 'draft2019-09.test.refRemote.remote-HTTP-ref-with-different-URN-$id.number-is-invalid' failed: Reason:
Expected Schema:
 {
     "$schema": "https://json-schema.org/draft/2019-09/schema",
     "$ref": "http://localhost:1234/urn-ref-string.json"
 }
To REJECT Case:
 1
But it was ACCEPTED!
/Users/neb/code/jsonls/src/json-schema/test-suite/draft2019-09.zig:13:5: 0x10301a3fb in check_valid (test)
    return error.FailedTest;
    ^
/Users/neb/code/jsonls/src/json-schema/test-suite/draft2019-09.zig:2006:5: 0x1030ef933 in test.refRemote.remote-HTTP-ref-with-different-URN-$id.number-is-invalid (test)
    try check_valid(
    ^
error: 'draft2019-09.test.refRemote.remote-HTTP-ref-with-nested-absolute-ref.number-is-invalid' failed: Reason:
Expected Schema:
 {
     "$schema": "https://json-schema.org/draft/2019-09/schema",
     "$ref": "http://localhost:1234/nested-absolute-ref-to-string.json"
 }
To REJECT Case:
 1
But it was ACCEPTED!
/Users/neb/code/jsonls/src/json-schema/test-suite/draft2019-09.zig:13:5: 0x10301a3fb in check_valid (test)
    return error.FailedTest;
    ^
/Users/neb/code/jsonls/src/json-schema/test-suite/draft2019-09.zig:2030:5: 0x1030efa1b in test.refRemote.remote-HTTP-ref-with-nested-absolute-ref.number-is-invalid (test)
    try check_valid(
    ^
error: 'draft2019-09.test.refRemote.$ref-to-$ref-finds-detached-$anchor.non-number-is-invalid' failed: Reason:
Expected Schema:
 {
     "$schema": "https://json-schema.org/draft/2019-09/schema",
     "$ref": "http://localhost:1234/draft2019-09/detached-ref.json#/$defs/foo"
 }
To REJECT Case:
 "a"
But it was ACCEPTED!
/Users/neb/code/jsonls/src/json-schema/test-suite/draft2019-09.zig:13:5: 0x10301a3fb in check_valid (test)
    return error.FailedTest;
    ^
/Users/neb/code/jsonls/src/json-schema/test-suite/draft2019-09.zig:2066:5: 0x1030efb77 in test.refRemote.$ref-to-$ref-finds-detached-$anchor.non-number-is-invalid (test)
    try check_valid(
    ^
error: while executing test 'draft2019-09.test.if-then-else.if-with-boolean-schema-true.boolean-schema-true-in-if-always-chooses-the-then-path-(valid)', the following command terminated with signal 6 (expected exited with code 0):
./.zig-cache/o/7d7671a3e26fca18751d506e861d4722/test --cache-dir=./.zig-cache --seed=0xfaad01e8 --listen=-
test:suite
+- run test draft2020-12 1219/1261 passed, 42 failed
thread 24091376 panic: Failed to parse JSON schema: error.UnrecognizedSchemaType

/Users/neb/code/jsonls/src/json-schema/json-schema.zig:626:9: 0x102af7ee3 in parse_into_constraint (test)
        return error.UnrecognizedSchemaType;
        ^
/Users/neb/code/jsonls/src/json-schema/json-schema.zig:734:5: 0x102af617b in parse_constraint (test)
    try parse_into_constraint(ctx, schema, constraint);
    ^
/Users/neb/code/jsonls/src/json-schema/json-schema.zig:1194:18: 0x102b083fb in parse_applicator__if_then_else (test)
    const cond = try parse_constraint(ctx, cond_value.*);
                 ^
/Users/neb/code/jsonls/src/json-schema/json-schema.zig:718:9: 0x102af8f6f in parse_into_constraint (test)
    if (try parse_applicator__if_then_else(ctx, obj)) |if_then_else| {
        ^
/Users/neb/code/jsonls/src/json-schema/json-schema.zig:734:5: 0x102af617b in parse_constraint (test)
    try parse_into_constraint(ctx, schema, constraint);
    ^
/Users/neb/code/jsonls/src/json-schema/json-schema.zig:448:18: 0x102af541b in parse_with_revision (test)
    const root = try parse_constraint(&ctx, root_json);
                 ^
/Users/neb/code/jsonls/src/json-schema/test-suite/draft2020-12.zig:5:103: 0x102af6343 in check_valid (test)
    const schema = JSONSchema.parseWithRevision(schema_str, .draft2020_12) catch |err| std.debug.panic("Failed to parse JSON schema: {}\n", .{err});
                                                                                                      ^
/Users/neb/code/jsonls/src/json-schema/test-suite/draft2020-12.zig:2833:20: 0x102bccac7 in test.if-then-else.if-with-boolean-schema-true.boolean-schema-true-in-if-always-chooses-the-then-path-(valid) (test)
    try check_valid(
                   ^
/Users/neb/.local/share/mise/installs/zig/0.15.2/lib/compiler/test_runner.zig:130:29: 0x102c0096b in mainServer (test)
                test_fn.func() catch |err| switch (err) {
                            ^
/Users/neb/.local/share/mise/installs/zig/0.15.2/lib/compiler/test_runner.zig:64:26: 0x102bfdf6b in main (test)
        return mainServer() catch @panic("internal test runner failure");
                         ^
/Users/neb/.local/share/mise/installs/zig/0.15.2/lib/std/start.zig:618:22: 0x102bfd997 in main (test)
            root.main();
                     ^
???:?:?: 0x1991aab97 in ??? (???)
???:?:?: 0x0 in ??? (???)
error: 'draft2020-12.test.unevaluatedItems.unevaluatedItems-false.with-unevaluated-items' failed: Reason:
Expected Schema:
 {
     "$schema": "https://json-schema.org/draft/2020-12/schema",
     "unevaluatedItems": false
 }
To REJECT Case:
 [
     "foo"
 ]
But it was ACCEPTED!
/Users/neb/code/jsonls/src/json-schema/test-suite/draft2020-12.zig:13:5: 0x102af63fb in check_valid (test)
    return error.FailedTest;
    ^
/Users/neb/code/jsonls/src/json-schema/test-suite/draft2020-12.zig:54:5: 0x102bc9323 in test.unevaluatedItems.unevaluatedItems-false.with-unevaluated-items (test)
    try check_valid(
    ^
error: 'draft2020-12.test.unevaluatedItems.unevaluatedItems-as-schema.with-invalid-unevaluated-items' failed: Reason:
Expected Schema:
 {
     "$schema": "https://json-schema.org/draft/2020-12/schema",
     "unevaluatedItems": {
         "type": "string"
     }
 }
To REJECT Case:
 [
     42
 ]
But it was ACCEPTED!
/Users/neb/code/jsonls/src/json-schema/test-suite/draft2020-12.zig:13:5: 0x102af63fb in check_valid (test)
    return error.FailedTest;
    ^
/Users/neb/code/jsonls/src/json-schema/test-suite/draft2020-12.zig:98:5: 0x102bc947f in test.unevaluatedItems.unevaluatedItems-as-schema.with-invalid-unevaluated-items (test)
    try check_valid(
    ^
error: 'draft2020-12.test.unevaluatedItems.unevaluatedItems-with-tuple.with-unevaluated-items' failed: Reason:
Expected Schema:
 {
     "$schema": "https://json-schema.org/draft/2020-12/schema",
     "prefixItems": [
         {
             "type": "string"
         }
     ],
     "unevaluatedItems": false
 }
To REJECT Case:
 [
     "foo",
     "bar"
 ]
But it was ACCEPTED!
/Users/neb/code/jsonls/src/json-schema/test-suite/draft2020-12.zig:13:5: 0x102af63fb in check_valid (test)
    return error.FailedTest;
    ^
/Users/neb/code/jsonls/src/json-schema/test-suite/draft2020-12.zig:151:5: 0x102bc95db in test.unevaluatedItems.unevaluatedItems-with-tuple.with-unevaluated-items (test)
    try check_valid(
    ^
error: 'draft2020-12.test.unevaluatedItems.unevaluatedItems-with-nested-tuple.with-unevaluated-items' failed: Reason:
Expected Schema:
 {
     "$schema": "https://json-schema.org/draft/2020-12/schema",
     "prefixItems": [
         {
             "type": "string"
         }
     ],
     "allOf": [
         {
             "prefixItems": [
                 true,
                 {
                     "type": "number"
                 }
             ]
         }
     ],
     "unevaluatedItems": false
 }
To REJECT Case:
 [
     "foo",
     42,
     true
 ]
But it was ACCEPTED!
/Users/neb/code/jsonls/src/json-schema/test-suite/draft2020-12.zig:13:5: 0x102af63fb in check_valid (test)
    return error.FailedTest;
    ^
/Users/neb/code/jsonls/src/json-schema/test-suite/draft2020-12.zig:265:5: 0x102bc981f in test.unevaluatedItems.unevaluatedItems-with-nested-tuple.with-unevaluated-items (test)
    try check_valid(
    ^
error: 'draft2020-12.test.unevaluatedItems.unevaluatedItems-with-nested-items.with-invalid-additional-item' failed: Reason:
Expected Schema:
 {
     "$schema": "https://json-schema.org/draft/2020-12/schema",
     "unevaluatedItems": {
         "type": "boolean"
     },
     "anyOf": [
         {
             "items": {
                 "type": "string"
             }
         },
         true
     ]
 }
To REJECT Case:
 [
     "yes",
     false
 ]
But it was ACCEPTED!
/Users/neb/code/jsonls/src/json-schema/test-suite/draft2020-12.zig:13:5: 0x102af63fb in check_valid (test)
    return error.FailedTest;
    ^
/Users/neb/code/jsonls/src/json-schema/test-suite/draft2020-12.zig:346:5: 0x102bc997b in test.unevaluatedItems.unevaluatedItems-with-nested-items.with-invalid-additional-item (test)
    try check_valid(
    ^
error: 'draft2020-12.test.unevaluatedItems.unevaluatedItems-with-anyOf.when-one-schema-matches-and-has-unevaluated-items' failed: Reason:
Expected Schema:
 {
     "$schema": "https://json-schema.org/draft/2020-12/schema",
     "prefixItems": [
         {
             "const": "foo"
         }
     ],
     "anyOf": [
         {
             "prefixItems": [
                 true,
                 {
                     "const": "bar"
                 }
             ]
         },
         {
             "prefixItems": [
                 true,
                 true,
                 {
                     "const": "baz"
                 }
             ]
         }
     ],
     "unevaluatedItems": false
 }
To REJECT Case:
 [
     "foo",
     "bar",
     42
 ]
But it was ACCEPTED!
/Users/neb/code/jsonls/src/json-schema/test-suite/draft2020-12.zig:13:5: 0x102af63fb in check_valid (test)
    return error.FailedTest;
    ^
/Users/neb/code/jsonls/src/json-schema/test-suite/draft2020-12.zig:514:5: 0x102bc9c33 in test.unevaluatedItems.unevaluatedItems-with-anyOf.when-one-schema-matches-and-has-unevaluated-items (test)
    try check_valid(
    ^
error: 'draft2020-12.test.unevaluatedItems.unevaluatedItems-with-anyOf.when-two-schemas-match-and-has-unevaluated-items' failed: Reason:
Expected Schema:
 {
     "$schema": "https://json-schema.org/draft/2020-12/schema",
     "prefixItems": [
         {
             "const": "foo"
         }
     ],
     "anyOf": [
         {
             "prefixItems": [
                 true,
                 {
                     "const": "bar"
                 }
             ]
         },
         {
             "prefixItems": [
                 true,
                 true,
                 {
                     "const": "baz"
                 }
             ]
         }
     ],
     "unevaluatedItems": false
 }
To REJECT Case:
 [
     "foo",
     "bar",
     "baz",
     42
 ]
But it was ACCEPTED!
/Users/neb/code/jsonls/src/json-schema/test-suite/draft2020-12.zig:13:5: 0x102af63fb in check_valid (test)
    return error.FailedTest;
    ^
/Users/neb/code/jsonls/src/json-schema/test-suite/draft2020-12.zig:594:5: 0x102bc9d1b in test.unevaluatedItems.unevaluatedItems-with-anyOf.when-two-schemas-match-and-has-unevaluated-items (test)
    try check_valid(
    ^
error: 'draft2020-12.test.unevaluatedItems.unevaluatedItems-with-oneOf.with-no-unevaluated-items' failed: Reason:
Expected Schema:
 {
     "$schema": "https://json-schema.org/draft/2020-12/schema",
     "prefixItems": [
         {
             "const": "foo"
         }
     ],
     "oneOf": [
         {
             "prefixItems": [
                 true,
                 {
                     "const": "bar"
                 }
             ]
         },
         {
             "prefixItems": [
                 true,
                 {
                     "const": "baz"
                 }
             ]
         }
     ],
     "unevaluatedItems": false
 }
To ACCEPT Case:
 [
     "foo",
     "bar"
 ]
But it was REJECTED!
/Users/neb/code/jsonls/src/json-schema/test-suite/draft2020-12.zig:13:5: 0x102af63fb in check_valid (test)
    return error.FailedTest;
    ^
/Users/neb/code/jsonls/src/json-schema/test-suite/draft2020-12.zig:635:5: 0x102bc9d8f in test.unevaluatedItems.unevaluatedItems-with-oneOf.with-no-unevaluated-items (test)
    try check_valid(
    ^
error: 'draft2020-12.test.unevaluatedItems.unevaluatedItems-with-not.with-unevaluated-items' failed: Reason:
Expected Schema:
 {
     "$schema": "https://json-schema.org/draft/2020-12/schema",
     "prefixItems": [
         {
             "const": "foo"
         }
     ],
     "not": {
         "not": {
             "prefixItems": [
                 true,
                 {
                     "const": "bar"
                 }
             ]
         }
     },
     "unevaluatedItems": false
 }
To REJECT Case:
 [
     "foo",
     "bar"
 ]
But it was ACCEPTED!
/Users/neb/code/jsonls/src/json-schema/test-suite/draft2020-12.zig:13:5: 0x102af63fb in check_valid (test)
    return error.FailedTest;
    ^
/Users/neb/code/jsonls/src/json-schema/test-suite/draft2020-12.zig:712:5: 0x102bc9e77 in test.unevaluatedItems.unevaluatedItems-with-not.with-unevaluated-items (test)
    try check_valid(
    ^
error: 'draft2020-12.test.unevaluatedItems.unevaluatedItems-with-if/then/else.when-if-matches-and-it-has-unevaluated-items' failed: Reason:
Expected Schema:
 {
     "$schema": "https://json-schema.org/draft/2020-12/schema",
     "prefixItems": [
         {
             "const": "foo"
         }
     ],
     "if": {
         "prefixItems": [
             true,
             {
                 "const": "bar"
             }
         ]
     },
     "then": {
         "prefixItems": [
             true,
             true,
             {
                 "const": "then"
             }
         ]
     },
     "else": {
         "prefixItems": [
             true,
             true,
             true,
             {
                 "const": "else"
             }
         ]
     },
     "unevaluatedItems": false
 }
To REJECT Case:
 [
     "foo",
     "bar",
     "then",
     "else"
 ]
But it was ACCEPTED!
/Users/neb/code/jsonls/src/json-schema/test-suite/draft2020-12.zig:13:5: 0x102af63fb in check_valid (test)
    return error.FailedTest;
    ^
/Users/neb/code/jsonls/src/json-schema/test-suite/draft2020-12.zig:790:5: 0x102bc9f5f in test.unevaluatedItems.unevaluatedItems-with-if/then/else.when-if-matches-and-it-has-unevaluated-items (test)
    try check_valid(
    ^
error: 'draft2020-12.test.unevaluatedItems.unevaluatedItems-with-if/then/else.when-if-doesn't-match-and-it-has-unevaluated-items' failed: Reason:
Expected Schema:
 {
     "$schema": "https://json-schema.org/draft/2020-12/schema",
     "prefixItems": [
         {
             "const": "foo"
         }
     ],
     "if": {
         "prefixItems": [
             true,
             {
                 "const": "bar"
             }
         ]
     },
     "then": {
         "prefixItems": [
             true,
             true,
             {
                 "const": "then"
             }
         ]
     },
     "else": {
         "prefixItems": [
             true,
             true,
             true,
             {
                 "const": "else"
             }
         ]
     },
     "unevaluatedItems": false
 }
To REJECT Case:
 [
     "foo",
     42,
     42,
     "else",
     42
 ]
But it was ACCEPTED!
/Users/neb/code/jsonls/src/json-schema/test-suite/draft2020-12.zig:13:5: 0x102af63fb in check_valid (test)
    return error.FailedTest;
    ^
/Users/neb/code/jsonls/src/json-schema/test-suite/draft2020-12.zig:888:5: 0x102bca047 in test.unevaluatedItems.unevaluatedItems-with-if/then/else.when-if-doesn't-match-and-it-has-unevaluated-items (test)
    try check_valid(
    ^
error: 'draft2020-12.test.unevaluatedItems.unevaluatedItems-with-boolean-schemas.with-unevaluated-items' failed: Reason:
Expected Schema:
 {
     "$schema": "https://json-schema.org/draft/2020-12/schema",
     "allOf": [
         true
     ],
     "unevaluatedItems": false
 }
To REJECT Case:
 [
     "foo"
 ]
But it was ACCEPTED!
/Users/neb/code/jsonls/src/json-schema/test-suite/draft2020-12.zig:13:5: 0x102af63fb in check_valid (test)
    return error.FailedTest;
    ^
/Users/neb/code/jsonls/src/json-schema/test-suite/draft2020-12.zig:953:5: 0x102bca12f in test.unevaluatedItems.unevaluatedItems-with-boolean-schemas.with-unevaluated-items (test)
    try check_valid(
    ^
error: 'draft2020-12.test.unevaluatedItems.unevaluatedItems-with-$ref.with-unevaluated-items' failed: Reason:
Expected Schema:
 {
     "$schema": "https://json-schema.org/draft/2020-12/schema",
     "$ref": "#/$defs/bar",
     "prefixItems": [
         {
             "type": "string"
         }
     ],
     "unevaluatedItems": false,
     "$defs": {
         "bar": {
             "prefixItems": [
                 true,
                 {
                     "type": "string"
                 }
             ]
         }
     }
 }
To REJECT Case:
 [
     "foo",
     "bar",
     "baz"
 ]
But it was ACCEPTED!
/Users/neb/code/jsonls/src/json-schema/test-suite/draft2020-12.zig:13:5: 0x102af63fb in check_valid (test)
    return error.FailedTest;
    ^
/Users/neb/code/jsonls/src/json-schema/test-suite/draft2020-12.zig:1001:5: 0x102bca217 in test.unevaluatedItems.unevaluatedItems-with-$ref.with-unevaluated-items (test)
    try check_valid(
    ^
error: 'draft2020-12.test.unevaluatedItems.unevaluatedItems-before-$ref.with-unevaluated-items' failed: Reason:
Expected Schema:
 {
     "$schema": "https://json-schema.org/draft/2020-12/schema",
     "unevaluatedItems": false,
     "prefixItems": [
         {
             "type": "string"
         }
     ],
     "$ref": "#/$defs/bar",
     "$defs": {
         "bar": {
             "prefixItems": [
                 true,
                 {
                     "type": "string"
                 }
             ]
         }
     }
 }
To REJECT Case:
 [
     "foo",
     "bar",
     "baz"
 ]
But it was ACCEPTED!
/Users/neb/code/jsonls/src/json-schema/test-suite/draft2020-12.zig:13:5: 0x102af63fb in check_valid (test)
    return error.FailedTest;
    ^
/Users/neb/code/jsonls/src/json-schema/test-suite/draft2020-12.zig:1064:5: 0x102bca2ff in test.unevaluatedItems.unevaluatedItems-before-$ref.with-unevaluated-items (test)
    try check_valid(
    ^
error: 'draft2020-12.test.unevaluatedItems.unevaluatedItems-with-$dynamicRef.with-unevaluated-items' failed: Reason:
Expected Schema:
 {
     "$schema": "https://json-schema.org/draft/2020-12/schema",
     "$id": "https://example.com/unevaluated-items-with-dynamic-ref/derived",
     "$ref": "./baseSchema",
     "$defs": {
         "derived": {
             "$dynamicAnchor": "addons",
             "prefixItems": [
                 true,
                 {
                     "type": "string"
                 }
             ]
         },
         "baseSchema": {
             "$id": "./baseSchema",
             "$comment": "unevaluatedItems comes first so it's more likely to catch bugs with implementations that are sensitive to keyword ordering",
             "unevaluatedItems": false,
             "type": "array",
             "prefixItems": [
                 {
                     "type": "string"
                 }
             ],
             "$dynamicRef": "#addons",
             "$defs": {
                 "defaultAddons": {
                     "$comment": "Needed to satisfy the bookending requirement",
                     "$dynamicAnchor": "addons"
                 }
             }
         }
     }
 }
To REJECT Case:
 [
     "foo",
     "bar",
     "baz"
 ]
But it was ACCEPTED!
/Users/neb/code/jsonls/src/json-schema/test-suite/draft2020-12.zig:13:5: 0x102af63fb in check_valid (test)
    return error.FailedTest;
    ^
/Users/neb/code/jsonls/src/json-schema/test-suite/draft2020-12.zig:1141:5: 0x102bca3e7 in test.unevaluatedItems.unevaluatedItems-with-$dynamicRef.with-unevaluated-items (test)
    try check_valid(
    ^
error: 'draft2020-12.test.unevaluatedItems.unevaluatedItems-can't-see-inside-cousins.always-fails' failed: Reason:
Expected Schema:
 {
     "$schema": "https://json-schema.org/draft/2020-12/schema",
     "allOf": [
         {
             "prefixItems": [
                 true
             ]
         },
         {
             "unevaluatedItems": false
         }
     ]
 }
To REJECT Case:
 [
     1
 ]
But it was ACCEPTED!
/Users/neb/code/jsonls/src/json-schema/test-suite/draft2020-12.zig:13:5: 0x102af63fb in check_valid (test)
    return error.FailedTest;
    ^
/Users/neb/code/jsonls/src/json-schema/test-suite/draft2020-12.zig:1187:5: 0x102bca45b in test.unevaluatedItems.unevaluatedItems-can't-see-inside-cousins.always-fails (test)
    try check_valid(
    ^
error: 'draft2020-12.test.unevaluatedItems.item-is-evaluated-in-an-uncle-schema-to-unevaluatedItems.uncle-keyword-evaluation-is-not-significant' failed: Reason:
Expected Schema:
 {
     "$schema": "https://json-schema.org/draft/2020-12/schema",
     "properties": {
         "foo": {
             "prefixItems": [
                 {
                     "type": "string"
                 }
             ],
             "unevaluatedItems": false
         }
     },
     "anyOf": [
         {
             "properties": {
                 "foo": {
                     "prefixItems": [
                         true,
                         {
                             "type": "string"
                         }
                     ]
                 }
             }
         }
     ]
 }
To REJECT Case:
 {
     "foo": [
         "test",
         "test"
     ]
 }
But it was ACCEPTED!
/Users/neb/code/jsonls/src/json-schema/test-suite/draft2020-12.zig:13:5: 0x102af63fb in check_valid (test)
    return error.FailedTest;
    ^
/Users/neb/code/jsonls/src/json-schema/test-suite/draft2020-12.zig:1249:5: 0x102bca543 in test.unevaluatedItems.item-is-evaluated-in-an-uncle-schema-to-unevaluatedItems.uncle-keyword-evaluation-is-not-significant (test)
    try check_valid(
    ^
error: 'draft2020-12.test.unevaluatedItems.unevaluatedItems-depends-on-adjacent-contains.contains-fails,-second-item-is-not-evaluated' failed: Reason:
Expected Schema:
 {
     "$schema": "https://json-schema.org/draft/2020-12/schema",
     "prefixItems": [
         true
     ],
     "contains": {
         "type": "string"
     },
     "unevaluatedItems": false
 }
To REJECT Case:
 [
     1,
     2
 ]
But it was ACCEPTED!
/Users/neb/code/jsonls/src/json-schema/test-suite/draft2020-12.zig:13:5: 0x102af63fb in check_valid (test)
    return error.FailedTest;
    ^
/Users/neb/code/jsonls/src/json-schema/test-suite/draft2020-12.zig:1310:5: 0x102bca62b in test.unevaluatedItems.unevaluatedItems-depends-on-adjacent-contains.contains-fails,-second-item-is-not-evaluated (test)
    try check_valid(
    ^
error: 'draft2020-12.test.unevaluatedItems.unevaluatedItems-depends-on-adjacent-contains.contains-passes,-second-item-is-not-evaluated' failed: Reason:
Expected Schema:
 {
     "$schema": "https://json-schema.org/draft/2020-12/schema",
     "prefixItems": [
         true
     ],
     "contains": {
         "type": "string"
     },
     "unevaluatedItems": false
 }
To REJECT Case:
 [
     1,
     2,
     "foo"
 ]
But it was ACCEPTED!
/Users/neb/code/jsonls/src/json-schema/test-suite/draft2020-12.zig:13:5: 0x102af63fb in check_valid (test)
    return error.FailedTest;
    ^
/Users/neb/code/jsonls/src/json-schema/test-suite/draft2020-12.zig:1331:5: 0x102bca69f in test.unevaluatedItems.unevaluatedItems-depends-on-adjacent-contains.contains-passes,-second-item-is-not-evaluated (test)
    try check_valid(
    ^
error: 'draft2020-12.test.unevaluatedItems.unevaluatedItems-depends-on-multiple-nested-contains.7-not-evaluated,-fails-unevaluatedItems' failed: Reason:
Expected Schema:
 {
     "$schema": "https://json-schema.org/draft/2020-12/schema",
     "allOf": [
         {
             "contains": {
                 "multipleOf": 2
             }
         },
         {
             "contains": {
                 "multipleOf": 3
             }
         }
     ],
     "unevaluatedItems": {
         "multipleOf": 5
     }
 }
To REJECT Case:
 [
     2,
     3,
     4,
     7,
     8
 ]
But it was ACCEPTED!
/Users/neb/code/jsonls/src/json-schema/test-suite/draft2020-12.zig:13:5: 0x102af63fb in check_valid (test)
    return error.FailedTest;
    ^
/Users/neb/code/jsonls/src/json-schema/test-suite/draft2020-12.zig:1385:5: 0x102bca787 in test.unevaluatedItems.unevaluatedItems-depends-on-multiple-nested-contains.7-not-evaluated,-fails-unevaluatedItems (test)
    try check_valid(
    ^
error: 'draft2020-12.test.unevaluatedItems.unevaluatedItems-and-contains-interact-to-control-item-dependency-relationship.only-b's-are-invalid' failed: Reason:
Expected Schema:
 {
     "$schema": "https://json-schema.org/draft/2020-12/schema",
     "if": {
         "contains": {
             "const": "a"
         }
     },
     "then": {
         "if": {
             "contains": {
                 "const": "b"
             }
         },
         "then": {
             "if": {
                 "contains": {
                     "const": "c"
                 }
             }
         }
     },
     "unevaluatedItems": false
 }
To REJECT Case:
 [
     "b",
     "b"
 ]
But it was ACCEPTED!
/Users/neb/code/jsonls/src/json-schema/test-suite/draft2020-12.zig:13:5: 0x102af63fb in check_valid (test)
    return error.FailedTest;
    ^
/Users/neb/code/jsonls/src/json-schema/test-suite/draft2020-12.zig:1557:5: 0x102bca9cb in test.unevaluatedItems.unevaluatedItems-and-contains-interact-to-control-item-dependency-relationship.only-b's-are-invalid (test)
    try check_valid(
    ^
error: 'draft2020-12.test.unevaluatedItems.unevaluatedItems-and-contains-interact-to-control-item-dependency-relationship.only-c's-are-invalid' failed: Reason:
Expected Schema:
 {
     "$schema": "https://json-schema.org/draft/2020-12/schema",
     "if": {
         "contains": {
             "const": "a"
         }
     },
     "then": {
         "if": {
             "contains": {
                 "const": "b"
             }
         },
         "then": {
             "if": {
                 "contains": {
                     "const": "c"
                 }
             }
         }
     },
     "unevaluatedItems": false
 }
To REJECT Case:
 [
     "c",
     "c"
 ]
But it was ACCEPTED!
/Users/neb/code/jsonls/src/json-schema/test-suite/draft2020-12.zig:13:5: 0x102af63fb in check_valid (test)
    return error.FailedTest;
    ^
/Users/neb/code/jsonls/src/json-schema/test-suite/draft2020-12.zig:1591:5: 0x102bcaa3f in test.unevaluatedItems.unevaluatedItems-and-contains-interact-to-control-item-dependency-relationship.only-c's-are-invalid (test)
    try check_valid(
    ^
error: 'draft2020-12.test.unevaluatedItems.unevaluatedItems-and-contains-interact-to-control-item-dependency-relationship.only-b's-and-c's-are-invalid' failed: Reason:
Expected Schema:
 {
     "$schema": "https://json-schema.org/draft/2020-12/schema",
     "if": {
         "contains": {
             "const": "a"
         }
     },
     "then": {
         "if": {
             "contains": {
                 "const": "b"
             }
         },
         "then": {
             "if": {
                 "contains": {
                     "const": "c"
                 }
             }
         }
     },
     "unevaluatedItems": false
 }
To REJECT Case:
 [
     "c",
     "b",
     "c",
     "b",
     "c"
 ]
But it was ACCEPTED!
/Users/neb/code/jsonls/src/json-schema/test-suite/draft2020-12.zig:13:5: 0x102af63fb in check_valid (test)
    return error.FailedTest;
    ^
/Users/neb/code/jsonls/src/json-schema/test-suite/draft2020-12.zig:1625:5: 0x102bcaab3 in test.unevaluatedItems.unevaluatedItems-and-contains-interact-to-control-item-dependency-relationship.only-b's-and-c's-are-invalid (test)
    try check_valid(
    ^
error: 'draft2020-12.test.unevaluatedItems.unevaluatedItems-and-contains-interact-to-control-item-dependency-relationship.only-a's-and-c's-are-invalid' failed: Reason:
Expected Schema:
 {
     "$schema": "https://json-schema.org/draft/2020-12/schema",
     "if": {
         "contains": {
             "const": "a"
         }
     },
     "then": {
         "if": {
             "contains": {
                 "const": "b"
             }
         },
         "then": {
             "if": {
                 "contains": {
                     "const": "c"
                 }
             }
         }
     },
     "unevaluatedItems": false
 }
To REJECT Case:
 [
     "c",
     "a",
     "c",
     "a",
     "c"
 ]
But it was ACCEPTED!
/Users/neb/code/jsonls/src/json-schema/test-suite/draft2020-12.zig:13:5: 0x102af63fb in check_valid (test)
    return error.FailedTest;
    ^
/Users/neb/code/jsonls/src/json-schema/test-suite/draft2020-12.zig:1662:5: 0x102bcab27 in test.unevaluatedItems.unevaluatedItems-and-contains-interact-to-control-item-dependency-relationship.only-a's-and-c's-are-invalid (test)
    try check_valid(
    ^
error: 'draft2020-12.test.unevaluatedItems.unevaluatedItems-with-minContains-=-0.no-items-evaluated-by-contains' failed: Reason:
Expected Schema:
 {
     "$schema": "https://json-schema.org/draft/2020-12/schema",
     "contains": {
         "type": "string"
     },
     "minContains": 0,
     "unevaluatedItems": false
 }
To REJECT Case:
 [
     0
 ]
But it was ACCEPTED!
/Users/neb/code/jsonls/src/json-schema/test-suite/draft2020-12.zig:13:5: 0x102af63fb in check_valid (test)
    return error.FailedTest;
    ^
/Users/neb/code/jsonls/src/json-schema/test-suite/draft2020-12.zig:1715:5: 0x102bcac0f in test.unevaluatedItems.unevaluatedItems-with-minContains-=-0.no-items-evaluated-by-contains (test)
    try check_valid(
    ^
error: 'draft2020-12.test.unevaluatedItems.unevaluatedItems-with-minContains-=-0.some-but-not-all-items-evaluated-by-contains' failed: Reason:
Expected Schema:
 {
     "$schema": "https://json-schema.org/draft/2020-12/schema",
     "contains": {
         "type": "string"
     },
     "minContains": 0,
     "unevaluatedItems": false
 }
To REJECT Case:
 [
     "foo",
     0
 ]
But it was ACCEPTED!
/Users/neb/code/jsonls/src/json-schema/test-suite/draft2020-12.zig:13:5: 0x102af63fb in check_valid (test)
    return error.FailedTest;
    ^
/Users/neb/code/jsonls/src/json-schema/test-suite/draft2020-12.zig:1733:5: 0x102bcac83 in test.unevaluatedItems.unevaluatedItems-with-minContains-=-0.some-but-not-all-items-evaluated-by-contains (test)
    try check_valid(
    ^
error: 'draft2020-12.test.unevaluatedItems.unevaluatedItems-can-see-annotations-from-if-without-then-and-else.invalid-in-case-if-is-evaluated' failed: Reason:
Expected Schema:
 {
     "$schema": "https://json-schema.org/draft/2020-12/schema",
     "if": {
         "prefixItems": [
             {
                 "const": "a"
             }
         ]
     },
     "unevaluatedItems": false
 }
To REJECT Case:
 [
     "b"
 ]
But it was ACCEPTED!
/Users/neb/code/jsonls/src/json-schema/test-suite/draft2020-12.zig:13:5: 0x102af63fb in check_valid (test)
    return error.FailedTest;
    ^
/Users/neb/code/jsonls/src/json-schema/test-suite/draft2020-12.zig:1880:5: 0x102bcb10b in test.unevaluatedItems.unevaluatedItems-can-see-annotations-from-if-without-then-and-else.invalid-in-case-if-is-evaluated (test)
    try check_valid(
    ^
error: 'draft2020-12.test.refRemote.remote-ref.remote-ref-invalid' failed: Reason:
Expected Schema:
 {
     "$schema": "https://json-schema.org/draft/2020-12/schema",
     "$ref": "http://localhost:1234/draft2020-12/integer.json"
 }
To REJECT Case:
 "a"
But it was ACCEPTED!
/Users/neb/code/jsonls/src/json-schema/test-suite/draft2020-12.zig:13:5: 0x102af63fb in check_valid (test)
    return error.FailedTest;
    ^
/Users/neb/code/jsonls/src/json-schema/test-suite/draft2020-12.zig:1997:5: 0x102bcb51f in test.refRemote.remote-ref.remote-ref-invalid (test)
    try check_valid(
    ^
error: 'draft2020-12.test.refRemote.fragment-within-remote-ref.remote-fragment-invalid' failed: Reason:
Expected Schema:
 {
     "$schema": "https://json-schema.org/draft/2020-12/schema",
     "$ref": "http://localhost:1234/draft2020-12/subSchemas.json#/$defs/integer"
 }
To REJECT Case:
 "a"
But it was ACCEPTED!
/Users/neb/code/jsonls/src/json-schema/test-suite/draft2020-12.zig:13:5: 0x102af63fb in check_valid (test)
    return error.FailedTest;
    ^
/Users/neb/code/jsonls/src/json-schema/test-suite/draft2020-12.zig:2021:5: 0x102bcb607 in test.refRemote.fragment-within-remote-ref.remote-fragment-invalid (test)
    try check_valid(
    ^
error: 'draft2020-12.test.refRemote.anchor-within-remote-ref.remote-anchor-invalid' failed: Reason:
Expected Schema:
 {
     "$schema": "https://json-schema.org/draft/2020-12/schema",
     "$ref": "http://localhost:1234/draft2020-12/locationIndependentIdentifier.json#foo"
 }
To REJECT Case:
 "a"
But it was ACCEPTED!
/Users/neb/code/jsonls/src/json-schema/test-suite/draft2020-12.zig:13:5: 0x102af63fb in check_valid (test)
    return error.FailedTest;
    ^
/Users/neb/code/jsonls/src/json-schema/test-suite/draft2020-12.zig:2045:5: 0x102bcb6ef in test.refRemote.anchor-within-remote-ref.remote-anchor-invalid (test)
    try check_valid(
    ^
error: 'draft2020-12.test.refRemote.ref-within-remote-ref.ref-within-ref-invalid' failed: Reason:
Expected Schema:
 {
     "$schema": "https://json-schema.org/draft/2020-12/schema",
     "$ref": "http://localhost:1234/draft2020-12/subSchemas.json#/$defs/refToInteger"
 }
To REJECT Case:
 "a"
But it was ACCEPTED!
/Users/neb/code/jsonls/src/json-schema/test-suite/draft2020-12.zig:13:5: 0x102af63fb in check_valid (test)
    return error.FailedTest;
    ^
/Users/neb/code/jsonls/src/json-schema/test-suite/draft2020-12.zig:2069:5: 0x102bcb7d7 in test.refRemote.ref-within-remote-ref.ref-within-ref-invalid (test)
    try check_valid(
    ^
error: 'draft2020-12.test.refRemote.base-URI-change.base-URI-change-ref-invalid' failed: Reason:
Expected Schema:
 {
     "$schema": "https://json-schema.org/draft/2020-12/schema",
     "$id": "http://localhost:1234/draft2020-12/",
     "items": {
         "$id": "baseUriChange/",
         "items": {
             "$ref": "folderInteger.json"
         }
     }
 }
To REJECT Case:
 [
     [
         "a"
     ]
 ]
But it was ACCEPTED!
/Users/neb/code/jsonls/src/json-schema/test-suite/draft2020-12.zig:13:5: 0x102af63fb in check_valid (test)
    return error.FailedTest;
    ^
/Users/neb/code/jsonls/src/json-schema/test-suite/draft2020-12.zig:2103:5: 0x102bcb8bf in test.refRemote.base-URI-change.base-URI-change-ref-invalid (test)
    try check_valid(
    ^
error: 'draft2020-12.test.refRemote.base-URI-change---change-folder.string-is-invalid' failed: Reason:
Expected Schema:
 {
     "$schema": "https://json-schema.org/draft/2020-12/schema",
     "$id": "http://localhost:1234/draft2020-12/scope_change_defs1.json",
     "type": "object",
     "properties": {
         "list": {
             "$ref": "baseUriChangeFolder/"
         }
     },
     "$defs": {
         "baz": {
             "$id": "baseUriChangeFolder/",
             "type": "array",
             "items": {
                 "$ref": "folderInteger.json"
             }
         }
     }
 }
To REJECT Case:
 {
     "list": [
         "a"
     ]
 }
But it was ACCEPTED!
/Users/neb/code/jsonls/src/json-schema/test-suite/draft2020-12.zig:13:5: 0x102af63fb in check_valid (test)
    return error.FailedTest;
    ^
/Users/neb/code/jsonls/src/json-schema/test-suite/draft2020-12.zig:2156:5: 0x102bcb9a7 in test.refRemote.base-URI-change---change-folder.string-is-invalid (test)
    try check_valid(
    ^
error: 'draft2020-12.test.refRemote.base-URI-change---change-folder-in-subschema.string-is-invalid' failed: Reason:
Expected Schema:
 {
     "$schema": "https://json-schema.org/draft/2020-12/schema",
     "$id": "http://localhost:1234/draft2020-12/scope_change_defs2.json",
     "type": "object",
     "properties": {
         "list": {
             "$ref": "baseUriChangeFolderInSubschema/#/$defs/bar"
         }
     },
     "$defs": {
         "baz": {
             "$id": "baseUriChangeFolderInSubschema/",
             "$defs": {
                 "bar": {
                     "type": "array",
                     "items": {
                         "$ref": "folderInteger.json"
                     }
                 }
             }
         }
     }
 }
To REJECT Case:
 {
     "list": [
         "a"
     ]
 }
But it was ACCEPTED!
/Users/neb/code/jsonls/src/json-schema/test-suite/draft2020-12.zig:13:5: 0x102af63fb in check_valid (test)
    return error.FailedTest;
    ^
/Users/neb/code/jsonls/src/json-schema/test-suite/draft2020-12.zig:2222:5: 0x102bcba8f in test.refRemote.base-URI-change---change-folder-in-subschema.string-is-invalid (test)
    try check_valid(
    ^
error: 'draft2020-12.test.refRemote.root-ref-in-remote-ref.object-is-invalid' failed: Reason:
Expected Schema:
 {
     "$schema": "https://json-schema.org/draft/2020-12/schema",
     "$id": "http://localhost:1234/draft2020-12/object",
     "type": "object",
     "properties": {
         "name": {
             "$ref": "name-defs.json#/$defs/orNull"
         }
     }
 }
To REJECT Case:
 {
     "name": {
         "name": null
     }
 }
But it was ACCEPTED!
/Users/neb/code/jsonls/src/json-schema/test-suite/draft2020-12.zig:13:5: 0x102af63fb in check_valid (test)
    return error.FailedTest;
    ^
/Users/neb/code/jsonls/src/json-schema/test-suite/draft2020-12.zig:2297:5: 0x102bcbbeb in test.refRemote.root-ref-in-remote-ref.object-is-invalid (test)
    try check_valid(
    ^
error: 'draft2020-12.test.refRemote.remote-ref-with-ref-to-defs.invalid' failed: Reason:
Expected Schema:
 {
     "$schema": "https://json-schema.org/draft/2020-12/schema",
     "$id": "http://localhost:1234/draft2020-12/schema-remote-ref-ref-defs1.json",
     "$ref": "ref-and-defs.json"
 }
To REJECT Case:
 {
     "bar": 1
 }
But it was ACCEPTED!
/Users/neb/code/jsonls/src/json-schema/test-suite/draft2020-12.zig:13:5: 0x102af63fb in check_valid (test)
    return error.FailedTest;
    ^
/Users/neb/code/jsonls/src/json-schema/test-suite/draft2020-12.zig:2319:5: 0x102bcbc5f in test.refRemote.remote-ref-with-ref-to-defs.invalid (test)
    try check_valid(
    ^
error: 'draft2020-12.test.refRemote.Location-independent-identifier-in-remote-ref.string-is-invalid' failed: Reason:
Expected Schema:
 {
     "$schema": "https://json-schema.org/draft/2020-12/schema",
     "$ref": "http://localhost:1234/draft2020-12/locationIndependentIdentifier.json#/$defs/refToInteger"
 }
To REJECT Case:
 "foo"
But it was ACCEPTED!
/Users/neb/code/jsonls/src/json-schema/test-suite/draft2020-12.zig:13:5: 0x102af63fb in check_valid (test)
    return error.FailedTest;
    ^
/Users/neb/code/jsonls/src/json-schema/test-suite/draft2020-12.zig:2361:5: 0x102bcbdbb in test.refRemote.Location-independent-identifier-in-remote-ref.string-is-invalid (test)
    try check_valid(
    ^
error: 'draft2020-12.test.refRemote.retrieved-nested-refs-resolve-relative-to-their-URI-not-$id.number-is-invalid' failed: Reason:
Expected Schema:
 {
     "$schema": "https://json-schema.org/draft/2020-12/schema",
     "$id": "http://localhost:1234/draft2020-12/some-id",
     "properties": {
         "name": {
             "$ref": "nested/foo-ref-string.json"
         }
     }
 }
To REJECT Case:
 {
     "name": {
         "foo": 1
     }
 }
But it was ACCEPTED!
/Users/neb/code/jsonls/src/json-schema/test-suite/draft2020-12.zig:13:5: 0x102af63fb in check_valid (test)
    return error.FailedTest;
    ^
/Users/neb/code/jsonls/src/json-schema/test-suite/draft2020-12.zig:2373:5: 0x102bcbe2f in test.refRemote.retrieved-nested-refs-resolve-relative-to-their-URI-not-$id.number-is-invalid (test)
    try check_valid(
    ^
error: 'draft2020-12.test.refRemote.remote-HTTP-ref-with-different-$id.number-is-invalid' failed: Reason:
Expected Schema:
 {
     "$schema": "https://json-schema.org/draft/2020-12/schema",
     "$ref": "http://localhost:1234/different-id-ref-string.json"
 }
To REJECT Case:
 1
But it was ACCEPTED!
/Users/neb/code/jsonls/src/json-schema/test-suite/draft2020-12.zig:13:5: 0x102af63fb in check_valid (test)
    return error.FailedTest;
    ^
/Users/neb/code/jsonls/src/json-schema/test-suite/draft2020-12.zig:2415:5: 0x102bcbf17 in test.refRemote.remote-HTTP-ref-with-different-$id.number-is-invalid (test)
    try check_valid(
    ^
error: 'draft2020-12.test.refRemote.remote-HTTP-ref-with-different-URN-$id.number-is-invalid' failed: Reason:
Expected Schema:
 {
     "$schema": "https://json-schema.org/draft/2020-12/schema",
     "$ref": "http://localhost:1234/urn-ref-string.json"
 }
To REJECT Case:
 1
But it was ACCEPTED!
/Users/neb/code/jsonls/src/json-schema/test-suite/draft2020-12.zig:13:5: 0x102af63fb in check_valid (test)
    return error.FailedTest;
    ^
/Users/neb/code/jsonls/src/json-schema/test-suite/draft2020-12.zig:2439:5: 0x102bcbfff in test.refRemote.remote-HTTP-ref-with-different-URN-$id.number-is-invalid (test)
    try check_valid(
    ^
error: 'draft2020-12.test.refRemote.remote-HTTP-ref-with-nested-absolute-ref.number-is-invalid' failed: Reason:
Expected Schema:
 {
     "$schema": "https://json-schema.org/draft/2020-12/schema",
     "$ref": "http://localhost:1234/nested-absolute-ref-to-string.json"
 }
To REJECT Case:
 1
But it was ACCEPTED!
/Users/neb/code/jsonls/src/json-schema/test-suite/draft2020-12.zig:13:5: 0x102af63fb in check_valid (test)
    return error.FailedTest;
    ^
/Users/neb/code/jsonls/src/json-schema/test-suite/draft2020-12.zig:2463:5: 0x102bcc0e7 in test.refRemote.remote-HTTP-ref-with-nested-absolute-ref.number-is-invalid (test)
    try check_valid(
    ^
error: 'draft2020-12.test.refRemote.$ref-to-$ref-finds-detached-$anchor.non-number-is-invalid' failed: Reason:
Expected Schema:
 {
     "$schema": "https://json-schema.org/draft/2020-12/schema",
     "$ref": "http://localhost:1234/draft2020-12/detached-ref.json#/$defs/foo"
 }
To REJECT Case:
 "a"
But it was ACCEPTED!
/Users/neb/code/jsonls/src/json-schema/test-suite/draft2020-12.zig:13:5: 0x102af63fb in check_valid (test)
    return error.FailedTest;
    ^
/Users/neb/code/jsonls/src/json-schema/test-suite/draft2020-12.zig:2499:5: 0x102bcc243 in test.refRemote.$ref-to-$ref-finds-detached-$anchor.non-number-is-invalid (test)
    try check_valid(
    ^
error: while executing test 'draft2020-12.test.if-then-else.if-with-boolean-schema-true.boolean-schema-true-in-if-always-chooses-the-then-path-(valid)', the following command terminated with signal 6 (expected exited with code 0):
./.zig-cache/o/001fd0ec904cffb28a297dcd42e4b886/test --cache-dir=./.zig-cache --seed=0xfaad01e8 --listen=-
test:suite
+- run test draft-next   1213/1255 passed, 42 failed
thread 24091375 panic: Failed to parse JSON schema: error.UnrecognizedSchemaType

/Users/neb/code/jsonls/src/json-schema/json-schema.zig:626:9: 0x10483bee3 in parse_into_constraint (test)
        return error.UnrecognizedSchemaType;
        ^
/Users/neb/code/jsonls/src/json-schema/json-schema.zig:734:5: 0x10483a17b in parse_constraint (test)
    try parse_into_constraint(ctx, schema, constraint);
    ^
/Users/neb/code/jsonls/src/json-schema/json-schema.zig:1194:18: 0x10484c3fb in parse_applicator__if_then_else (test)
    const cond = try parse_constraint(ctx, cond_value.*);
                 ^
/Users/neb/code/jsonls/src/json-schema/json-schema.zig:718:9: 0x10483cf6f in parse_into_constraint (test)
    if (try parse_applicator__if_then_else(ctx, obj)) |if_then_else| {
        ^
/Users/neb/code/jsonls/src/json-schema/json-schema.zig:734:5: 0x10483a17b in parse_constraint (test)
    try parse_into_constraint(ctx, schema, constraint);
    ^
/Users/neb/code/jsonls/src/json-schema/json-schema.zig:448:18: 0x10483941b in parse_with_revision (test)
    const root = try parse_constraint(&ctx, root_json);
                 ^
/Users/neb/code/jsonls/src/json-schema/test-suite/draft-next.zig:5:101: 0x10483a343 in check_valid (test)
    const schema = JSONSchema.parseWithRevision(schema_str, .draft_next) catch |err| std.debug.panic("Failed to parse JSON schema: {}\n", .{err});
                                                                                                    ^
/Users/neb/code/jsonls/src/json-schema/test-suite/draft-next.zig:2821:20: 0x104910ac7 in test.if-then-else.if-with-boolean-schema-true.boolean-schema-true-in-if-always-chooses-the-then-path-(valid) (test)
    try check_valid(
                   ^
/Users/neb/.local/share/mise/installs/zig/0.15.2/lib/compiler/test_runner.zig:130:29: 0x1049446b7 in mainServer (test)
                test_fn.func() catch |err| switch (err) {
                            ^
/Users/neb/.local/share/mise/installs/zig/0.15.2/lib/compiler/test_runner.zig:64:26: 0x104941cb7 in main (test)
        return mainServer() catch @panic("internal test runner failure");
                         ^
/Users/neb/.local/share/mise/installs/zig/0.15.2/lib/std/start.zig:618:22: 0x1049416e3 in main (test)
            root.main();
                     ^
???:?:?: 0x1991aab97 in ??? (???)
???:?:?: 0x0 in ??? (???)
error: 'draft-next.test.unevaluatedItems.unevaluatedItems-false.with-unevaluated-items' failed: Reason:
Expected Schema:
 {
     "$schema": "https://json-schema.org/draft/next/schema",
     "unevaluatedItems": false
 }
To REJECT Case:
 [
     "foo"
 ]
But it was ACCEPTED!
/Users/neb/code/jsonls/src/json-schema/test-suite/draft-next.zig:13:5: 0x10483a3fb in check_valid (test)
    return error.FailedTest;
    ^
/Users/neb/code/jsonls/src/json-schema/test-suite/draft-next.zig:54:5: 0x10490d323 in test.unevaluatedItems.unevaluatedItems-false.with-unevaluated-items (test)
    try check_valid(
    ^
error: 'draft-next.test.unevaluatedItems.unevaluatedItems-as-schema.with-invalid-unevaluated-items' failed: Reason:
Expected Schema:
 {
     "$schema": "https://json-schema.org/draft/next/schema",
     "unevaluatedItems": {
         "type": "string"
     }
 }
To REJECT Case:
 [
     42
 ]
But it was ACCEPTED!
/Users/neb/code/jsonls/src/json-schema/test-suite/draft-next.zig:13:5: 0x10483a3fb in check_valid (test)
    return error.FailedTest;
    ^
/Users/neb/code/jsonls/src/json-schema/test-suite/draft-next.zig:98:5: 0x10490d47f in test.unevaluatedItems.unevaluatedItems-as-schema.with-invalid-unevaluated-items (test)
    try check_valid(
    ^
error: 'draft-next.test.unevaluatedItems.unevaluatedItems-with-tuple.with-unevaluated-items' failed: Reason:
Expected Schema:
 {
     "$schema": "https://json-schema.org/draft/next/schema",
     "prefixItems": [
         {
             "type": "string"
         }
     ],
     "unevaluatedItems": false
 }
To REJECT Case:
 [
     "foo",
     "bar"
 ]
But it was ACCEPTED!
/Users/neb/code/jsonls/src/json-schema/test-suite/draft-next.zig:13:5: 0x10483a3fb in check_valid (test)
    return error.FailedTest;
    ^
/Users/neb/code/jsonls/src/json-schema/test-suite/draft-next.zig:151:5: 0x10490d5db in test.unevaluatedItems.unevaluatedItems-with-tuple.with-unevaluated-items (test)
    try check_valid(
    ^
error: 'draft-next.test.unevaluatedItems.unevaluatedItems-with-nested-tuple.with-unevaluated-items' failed: Reason:
Expected Schema:
 {
     "$schema": "https://json-schema.org/draft/next/schema",
     "prefixItems": [
         {
             "type": "string"
         }
     ],
     "allOf": [
         {
             "prefixItems": [
                 true,
                 {
                     "type": "number"
                 }
             ]
         }
     ],
     "unevaluatedItems": false
 }
To REJECT Case:
 [
     "foo",
     42,
     true
 ]
But it was ACCEPTED!
/Users/neb/code/jsonls/src/json-schema/test-suite/draft-next.zig:13:5: 0x10483a3fb in check_valid (test)
    return error.FailedTest;
    ^
/Users/neb/code/jsonls/src/json-schema/test-suite/draft-next.zig:265:5: 0x10490d81f in test.unevaluatedItems.unevaluatedItems-with-nested-tuple.with-unevaluated-items (test)
    try check_valid(
    ^
error: 'draft-next.test.unevaluatedItems.unevaluatedItems-with-nested-items.with-invalid-additional-item' failed: Reason:
Expected Schema:
 {
     "$schema": "https://json-schema.org/draft/next/schema",
     "unevaluatedItems": {
         "type": "boolean"
     },
     "anyOf": [
         {
             "items": {
                 "type": "string"
             }
         },
         true
     ]
 }
To REJECT Case:
 [
     "yes",
     false
 ]
But it was ACCEPTED!
/Users/neb/code/jsonls/src/json-schema/test-suite/draft-next.zig:13:5: 0x10483a3fb in check_valid (test)
    return error.FailedTest;
    ^
/Users/neb/code/jsonls/src/json-schema/test-suite/draft-next.zig:346:5: 0x10490d97b in test.unevaluatedItems.unevaluatedItems-with-nested-items.with-invalid-additional-item (test)
    try check_valid(
    ^
error: 'draft-next.test.unevaluatedItems.unevaluatedItems-with-anyOf.when-one-schema-matches-and-has-unevaluated-items' failed: Reason:
Expected Schema:
 {
     "$schema": "https://json-schema.org/draft/next/schema",
     "prefixItems": [
         {
             "const": "foo"
         }
     ],
     "anyOf": [
         {
             "prefixItems": [
                 true,
                 {
                     "const": "bar"
                 }
             ]
         },
         {
             "prefixItems": [
                 true,
                 true,
                 {
                     "const": "baz"
                 }
             ]
         }
     ],
     "unevaluatedItems": false
 }
To REJECT Case:
 [
     "foo",
     "bar",
     42
 ]
But it was ACCEPTED!
/Users/neb/code/jsonls/src/json-schema/test-suite/draft-next.zig:13:5: 0x10483a3fb in check_valid (test)
    return error.FailedTest;
    ^
/Users/neb/code/jsonls/src/json-schema/test-suite/draft-next.zig:514:5: 0x10490dc33 in test.unevaluatedItems.unevaluatedItems-with-anyOf.when-one-schema-matches-and-has-unevaluated-items (test)
    try check_valid(
    ^
error: 'draft-next.test.unevaluatedItems.unevaluatedItems-with-anyOf.when-two-schemas-match-and-has-unevaluated-items' failed: Reason:
Expected Schema:
 {
     "$schema": "https://json-schema.org/draft/next/schema",
     "prefixItems": [
         {
             "const": "foo"
         }
     ],
     "anyOf": [
         {
             "prefixItems": [
                 true,
                 {
                     "const": "bar"
                 }
             ]
         },
         {
             "prefixItems": [
                 true,
                 true,
                 {
                     "const": "baz"
                 }
             ]
         }
     ],
     "unevaluatedItems": false
 }
To REJECT Case:
 [
     "foo",
     "bar",
     "baz",
     42
 ]
But it was ACCEPTED!
/Users/neb/code/jsonls/src/json-schema/test-suite/draft-next.zig:13:5: 0x10483a3fb in check_valid (test)
    return error.FailedTest;
    ^
/Users/neb/code/jsonls/src/json-schema/test-suite/draft-next.zig:594:5: 0x10490dd1b in test.unevaluatedItems.unevaluatedItems-with-anyOf.when-two-schemas-match-and-has-unevaluated-items (test)
    try check_valid(
    ^
error: 'draft-next.test.unevaluatedItems.unevaluatedItems-with-oneOf.with-no-unevaluated-items' failed: Reason:
Expected Schema:
 {
     "$schema": "https://json-schema.org/draft/next/schema",
     "prefixItems": [
         {
             "const": "foo"
         }
     ],
     "oneOf": [
         {
             "prefixItems": [
                 true,
                 {
                     "const": "bar"
                 }
             ]
         },
         {
             "prefixItems": [
                 true,
                 {
                     "const": "baz"
                 }
             ]
         }
     ],
     "unevaluatedItems": false
 }
To ACCEPT Case:
 [
     "foo",
     "bar"
 ]
But it was REJECTED!
/Users/neb/code/jsonls/src/json-schema/test-suite/draft-next.zig:13:5: 0x10483a3fb in check_valid (test)
    return error.FailedTest;
    ^
/Users/neb/code/jsonls/src/json-schema/test-suite/draft-next.zig:635:5: 0x10490dd8f in test.unevaluatedItems.unevaluatedItems-with-oneOf.with-no-unevaluated-items (test)
    try check_valid(
    ^
error: 'draft-next.test.unevaluatedItems.unevaluatedItems-with-not.with-unevaluated-items' failed: Reason:
Expected Schema:
 {
     "$schema": "https://json-schema.org/draft/next/schema",
     "prefixItems": [
         {
             "const": "foo"
         }
     ],
     "not": {
         "not": {
             "prefixItems": [
                 true,
                 {
                     "const": "bar"
                 }
             ]
         }
     },
     "unevaluatedItems": false
 }
To REJECT Case:
 [
     "foo",
     "bar"
 ]
But it was ACCEPTED!
/Users/neb/code/jsonls/src/json-schema/test-suite/draft-next.zig:13:5: 0x10483a3fb in check_valid (test)
    return error.FailedTest;
    ^
/Users/neb/code/jsonls/src/json-schema/test-suite/draft-next.zig:712:5: 0x10490de77 in test.unevaluatedItems.unevaluatedItems-with-not.with-unevaluated-items (test)
    try check_valid(
    ^
error: 'draft-next.test.unevaluatedItems.unevaluatedItems-with-if/then/else.when-if-matches-and-it-has-unevaluated-items' failed: Reason:
Expected Schema:
 {
     "$schema": "https://json-schema.org/draft/next/schema",
     "prefixItems": [
         {
             "const": "foo"
         }
     ],
     "if": {
         "prefixItems": [
             true,
             {
                 "const": "bar"
             }
         ]
     },
     "then": {
         "prefixItems": [
             true,
             true,
             {
                 "const": "then"
             }
         ]
     },
     "else": {
         "prefixItems": [
             true,
             true,
             true,
             {
                 "const": "else"
             }
         ]
     },
     "unevaluatedItems": false
 }
To REJECT Case:
 [
     "foo",
     "bar",
     "then",
     "else"
 ]
But it was ACCEPTED!
/Users/neb/code/jsonls/src/json-schema/test-suite/draft-next.zig:13:5: 0x10483a3fb in check_valid (test)
    return error.FailedTest;
    ^
/Users/neb/code/jsonls/src/json-schema/test-suite/draft-next.zig:790:5: 0x10490df5f in test.unevaluatedItems.unevaluatedItems-with-if/then/else.when-if-matches-and-it-has-unevaluated-items (test)
    try check_valid(
    ^
error: 'draft-next.test.unevaluatedItems.unevaluatedItems-with-if/then/else.when-if-doesn't-match-and-it-has-unevaluated-items' failed: Reason:
Expected Schema:
 {
     "$schema": "https://json-schema.org/draft/next/schema",
     "prefixItems": [
         {
             "const": "foo"
         }
     ],
     "if": {
         "prefixItems": [
             true,
             {
                 "const": "bar"
             }
         ]
     },
     "then": {
         "prefixItems": [
             true,
             true,
             {
                 "const": "then"
             }
         ]
     },
     "else": {
         "prefixItems": [
             true,
             true,
             true,
             {
                 "const": "else"
             }
         ]
     },
     "unevaluatedItems": false
 }
To REJECT Case:
 [
     "foo",
     42,
     42,
     "else",
     42
 ]
But it was ACCEPTED!
/Users/neb/code/jsonls/src/json-schema/test-suite/draft-next.zig:13:5: 0x10483a3fb in check_valid (test)
    return error.FailedTest;
    ^
/Users/neb/code/jsonls/src/json-schema/test-suite/draft-next.zig:888:5: 0x10490e047 in test.unevaluatedItems.unevaluatedItems-with-if/then/else.when-if-doesn't-match-and-it-has-unevaluated-items (test)
    try check_valid(
    ^
error: 'draft-next.test.unevaluatedItems.unevaluatedItems-with-boolean-schemas.with-unevaluated-items' failed: Reason:
Expected Schema:
 {
     "$schema": "https://json-schema.org/draft/next/schema",
     "allOf": [
         true
     ],
     "unevaluatedItems": false
 }
To REJECT Case:
 [
     "foo"
 ]
But it was ACCEPTED!
/Users/neb/code/jsonls/src/json-schema/test-suite/draft-next.zig:13:5: 0x10483a3fb in check_valid (test)
    return error.FailedTest;
    ^
/Users/neb/code/jsonls/src/json-schema/test-suite/draft-next.zig:953:5: 0x10490e12f in test.unevaluatedItems.unevaluatedItems-with-boolean-schemas.with-unevaluated-items (test)
    try check_valid(
    ^
error: 'draft-next.test.unevaluatedItems.unevaluatedItems-with-$ref.with-unevaluated-items' failed: Reason:
Expected Schema:
 {
     "$schema": "https://json-schema.org/draft/next/schema",
     "$ref": "#/$defs/bar",
     "prefixItems": [
         {
             "type": "string"
         }
     ],
     "unevaluatedItems": false,
     "$defs": {
         "bar": {
             "prefixItems": [
                 true,
                 {
                     "type": "string"
                 }
             ]
         }
     }
 }
To REJECT Case:
 [
     "foo",
     "bar",
     "baz"
 ]
But it was ACCEPTED!
/Users/neb/code/jsonls/src/json-schema/test-suite/draft-next.zig:13:5: 0x10483a3fb in check_valid (test)
    return error.FailedTest;
    ^
/Users/neb/code/jsonls/src/json-schema/test-suite/draft-next.zig:1001:5: 0x10490e217 in test.unevaluatedItems.unevaluatedItems-with-$ref.with-unevaluated-items (test)
    try check_valid(
    ^
error: 'draft-next.test.unevaluatedItems.unevaluatedItems-before-$ref.with-unevaluated-items' failed: Reason:
Expected Schema:
 {
     "$schema": "https://json-schema.org/draft/next/schema",
     "unevaluatedItems": false,
     "prefixItems": [
         {
             "type": "string"
         }
     ],
     "$ref": "#/$defs/bar",
     "$defs": {
         "bar": {
             "prefixItems": [
                 true,
                 {
                     "type": "string"
                 }
             ]
         }
     }
 }
To REJECT Case:
 [
     "foo",
     "bar",
     "baz"
 ]
But it was ACCEPTED!
/Users/neb/code/jsonls/src/json-schema/test-suite/draft-next.zig:13:5: 0x10483a3fb in check_valid (test)
    return error.FailedTest;
    ^
/Users/neb/code/jsonls/src/json-schema/test-suite/draft-next.zig:1064:5: 0x10490e2ff in test.unevaluatedItems.unevaluatedItems-before-$ref.with-unevaluated-items (test)
    try check_valid(
    ^
error: 'draft-next.test.unevaluatedItems.unevaluatedItems-with-$dynamicRef.with-unevaluated-items' failed: Reason:
Expected Schema:
 {
     "$schema": "https://json-schema.org/draft/next/schema",
     "$id": "https://example.com/unevaluated-items-with-dynamic-ref/derived",
     "$ref": "./baseSchema",
     "$defs": {
         "derived": {
             "$dynamicAnchor": "addons",
             "prefixItems": [
                 true,
                 {
                     "type": "string"
                 }
             ]
         },
         "baseSchema": {
             "$id": "./baseSchema",
             "$comment": "unevaluatedItems comes first so it's more likely to catch bugs with implementations that are sensitive to keyword ordering",
             "unevaluatedItems": false,
             "type": "array",
             "prefixItems": [
                 {
                     "type": "string"
                 }
             ],
             "$dynamicRef": "#addons"
         }
     }
 }
To REJECT Case:
 [
     "foo",
     "bar",
     "baz"
 ]
But it was ACCEPTED!
/Users/neb/code/jsonls/src/json-schema/test-suite/draft-next.zig:13:5: 0x10483a3fb in check_valid (test)
    return error.FailedTest;
    ^
/Users/neb/code/jsonls/src/json-schema/test-suite/draft-next.zig:1135:5: 0x10490e3e7 in test.unevaluatedItems.unevaluatedItems-with-$dynamicRef.with-unevaluated-items (test)
    try check_valid(
    ^
error: 'draft-next.test.unevaluatedItems.unevaluatedItems-can't-see-inside-cousins.always-fails' failed: Reason:
Expected Schema:
 {
     "$schema": "https://json-schema.org/draft/next/schema",
     "allOf": [
         {
             "prefixItems": [
                 true
             ]
         },
         {
             "unevaluatedItems": false
         }
     ]
 }
To REJECT Case:
 [
     1
 ]
But it was ACCEPTED!
/Users/neb/code/jsonls/src/json-schema/test-suite/draft-next.zig:13:5: 0x10483a3fb in check_valid (test)
    return error.FailedTest;
    ^
/Users/neb/code/jsonls/src/json-schema/test-suite/draft-next.zig:1175:5: 0x10490e45b in test.unevaluatedItems.unevaluatedItems-can't-see-inside-cousins.always-fails (test)
    try check_valid(
    ^
error: 'draft-next.test.unevaluatedItems.item-is-evaluated-in-an-uncle-schema-to-unevaluatedItems.uncle-keyword-evaluation-is-not-significant' failed: Reason:
Expected Schema:
 {
     "$schema": "https://json-schema.org/draft/next/schema",
     "properties": {
         "foo": {
             "prefixItems": [
                 {
                     "type": "string"
                 }
             ],
             "unevaluatedItems": false
         }
     },
     "anyOf": [
         {
             "properties": {
                 "foo": {
                     "prefixItems": [
                         true,
                         {
                             "type": "string"
                         }
                     ]
                 }
             }
         }
     ]
 }
To REJECT Case:
 {
     "foo": [
         "test",
         "test"
     ]
 }
But it was ACCEPTED!
/Users/neb/code/jsonls/src/json-schema/test-suite/draft-next.zig:13:5: 0x10483a3fb in check_valid (test)
    return error.FailedTest;
    ^
/Users/neb/code/jsonls/src/json-schema/test-suite/draft-next.zig:1237:5: 0x10490e543 in test.unevaluatedItems.item-is-evaluated-in-an-uncle-schema-to-unevaluatedItems.uncle-keyword-evaluation-is-not-significant (test)
    try check_valid(
    ^
error: 'draft-next.test.unevaluatedItems.unevaluatedItems-depends-on-adjacent-contains.contains-fails,-second-item-is-not-evaluated' failed: Reason:
Expected Schema:
 {
     "$schema": "https://json-schema.org/draft/next/schema",
     "prefixItems": [
         true
     ],
     "contains": {
         "type": "string"
     },
     "unevaluatedItems": false
 }
To REJECT Case:
 [
     1,
     2
 ]
But it was ACCEPTED!
/Users/neb/code/jsonls/src/json-schema/test-suite/draft-next.zig:13:5: 0x10483a3fb in check_valid (test)
    return error.FailedTest;
    ^
/Users/neb/code/jsonls/src/json-schema/test-suite/draft-next.zig:1298:5: 0x10490e62b in test.unevaluatedItems.unevaluatedItems-depends-on-adjacent-contains.contains-fails,-second-item-is-not-evaluated (test)
    try check_valid(
    ^
error: 'draft-next.test.unevaluatedItems.unevaluatedItems-depends-on-adjacent-contains.contains-passes,-second-item-is-not-evaluated' failed: Reason:
Expected Schema:
 {
     "$schema": "https://json-schema.org/draft/next/schema",
     "prefixItems": [
         true
     ],
     "contains": {
         "type": "string"
     },
     "unevaluatedItems": false
 }
To REJECT Case:
 [
     1,
     2,
     "foo"
 ]
But it was ACCEPTED!
/Users/neb/code/jsonls/src/json-schema/test-suite/draft-next.zig:13:5: 0x10483a3fb in check_valid (test)
    return error.FailedTest;
    ^
/Users/neb/code/jsonls/src/json-schema/test-suite/draft-next.zig:1319:5: 0x10490e69f in test.unevaluatedItems.unevaluatedItems-depends-on-adjacent-contains.contains-passes,-second-item-is-not-evaluated (test)
    try check_valid(
    ^
error: 'draft-next.test.unevaluatedItems.unevaluatedItems-depends-on-multiple-nested-contains.7-not-evaluated,-fails-unevaluatedItems' failed: Reason:
Expected Schema:
 {
     "$schema": "https://json-schema.org/draft/next/schema",
     "allOf": [
         {
             "contains": {
                 "multipleOf": 2
             }
         },
         {
             "contains": {
                 "multipleOf": 3
             }
         }
     ],
     "unevaluatedItems": {
         "multipleOf": 5
     }
 }
To REJECT Case:
 [
     2,
     3,
     4,
     7,
     8
 ]
But it was ACCEPTED!
/Users/neb/code/jsonls/src/json-schema/test-suite/draft-next.zig:13:5: 0x10483a3fb in check_valid (test)
    return error.FailedTest;
    ^
/Users/neb/code/jsonls/src/json-schema/test-suite/draft-next.zig:1373:5: 0x10490e787 in test.unevaluatedItems.unevaluatedItems-depends-on-multiple-nested-contains.7-not-evaluated,-fails-unevaluatedItems (test)
    try check_valid(
    ^
error: 'draft-next.test.unevaluatedItems.unevaluatedItems-and-contains-interact-to-control-item-dependency-relationship.only-b's-are-invalid' failed: Reason:
Expected Schema:
 {
     "$schema": "https://json-schema.org/draft/next/schema",
     "if": {
         "contains": {
             "const": "a"
         }
     },
     "then": {
         "if": {
             "contains": {
                 "const": "b"
             }
         },
         "then": {
             "if": {
                 "contains": {
                     "const": "c"
                 }
             }
         }
     },
     "unevaluatedItems": false
 }
To REJECT Case:
 [
     "b",
     "b"
 ]
But it was ACCEPTED!
/Users/neb/code/jsonls/src/json-schema/test-suite/draft-next.zig:13:5: 0x10483a3fb in check_valid (test)
    return error.FailedTest;
    ^
/Users/neb/code/jsonls/src/json-schema/test-suite/draft-next.zig:1545:5: 0x10490e9cb in test.unevaluatedItems.unevaluatedItems-and-contains-interact-to-control-item-dependency-relationship.only-b's-are-invalid (test)
    try check_valid(
    ^
error: 'draft-next.test.unevaluatedItems.unevaluatedItems-and-contains-interact-to-control-item-dependency-relationship.only-c's-are-invalid' failed: Reason:
Expected Schema:
 {
     "$schema": "https://json-schema.org/draft/next/schema",
     "if": {
         "contains": {
             "const": "a"
         }
     },
     "then": {
         "if": {
             "contains": {
                 "const": "b"
             }
         },
         "then": {
             "if": {
                 "contains": {
                     "const": "c"
                 }
             }
         }
     },
     "unevaluatedItems": false
 }
To REJECT Case:
 [
     "c",
     "c"
 ]
But it was ACCEPTED!
/Users/neb/code/jsonls/src/json-schema/test-suite/draft-next.zig:13:5: 0x10483a3fb in check_valid (test)
    return error.FailedTest;
    ^
/Users/neb/code/jsonls/src/json-schema/test-suite/draft-next.zig:1579:5: 0x10490ea3f in test.unevaluatedItems.unevaluatedItems-and-contains-interact-to-control-item-dependency-relationship.only-c's-are-invalid (test)
    try check_valid(
    ^
error: 'draft-next.test.unevaluatedItems.unevaluatedItems-and-contains-interact-to-control-item-dependency-relationship.only-b's-and-c's-are-invalid' failed: Reason:
Expected Schema:
 {
     "$schema": "https://json-schema.org/draft/next/schema",
     "if": {
         "contains": {
             "const": "a"
         }
     },
     "then": {
         "if": {
             "contains": {
                 "const": "b"
             }
         },
         "then": {
             "if": {
                 "contains": {
                     "const": "c"
                 }
             }
         }
     },
     "unevaluatedItems": false
 }
To REJECT Case:
 [
     "c",
     "b",
     "c",
     "b",
     "c"
 ]
But it was ACCEPTED!
/Users/neb/code/jsonls/src/json-schema/test-suite/draft-next.zig:13:5: 0x10483a3fb in check_valid (test)
    return error.FailedTest;
    ^
/Users/neb/code/jsonls/src/json-schema/test-suite/draft-next.zig:1613:5: 0x10490eab3 in test.unevaluatedItems.unevaluatedItems-and-contains-interact-to-control-item-dependency-relationship.only-b's-and-c's-are-invalid (test)
    try check_valid(
    ^
error: 'draft-next.test.unevaluatedItems.unevaluatedItems-and-contains-interact-to-control-item-dependency-relationship.only-a's-and-c's-are-invalid' failed: Reason:
Expected Schema:
 {
     "$schema": "https://json-schema.org/draft/next/schema",
     "if": {
         "contains": {
             "const": "a"
         }
     },
     "then": {
         "if": {
             "contains": {
                 "const": "b"
             }
         },
         "then": {
             "if": {
                 "contains": {
                     "const": "c"
                 }
             }
         }
     },
     "unevaluatedItems": false
 }
To REJECT Case:
 [
     "c",
     "a",
     "c",
     "a",
     "c"
 ]
But it was ACCEPTED!
/Users/neb/code/jsonls/src/json-schema/test-suite/draft-next.zig:13:5: 0x10483a3fb in check_valid (test)
    return error.FailedTest;
    ^
/Users/neb/code/jsonls/src/json-schema/test-suite/draft-next.zig:1650:5: 0x10490eb27 in test.unevaluatedItems.unevaluatedItems-and-contains-interact-to-control-item-dependency-relationship.only-a's-and-c's-are-invalid (test)
    try check_valid(
    ^
error: 'draft-next.test.unevaluatedItems.unevaluatedItems-with-minContains-=-0.no-items-evaluated-by-contains' failed: Reason:
Expected Schema:
 {
     "$schema": "https://json-schema.org/draft/next/schema",
     "contains": {
         "type": "string"
     },
     "minContains": 0,
     "unevaluatedItems": false
 }
To REJECT Case:
 [
     0
 ]
But it was ACCEPTED!
/Users/neb/code/jsonls/src/json-schema/test-suite/draft-next.zig:13:5: 0x10483a3fb in check_valid (test)
    return error.FailedTest;
    ^
/Users/neb/code/jsonls/src/json-schema/test-suite/draft-next.zig:1703:5: 0x10490ec0f in test.unevaluatedItems.unevaluatedItems-with-minContains-=-0.no-items-evaluated-by-contains (test)
    try check_valid(
    ^
error: 'draft-next.test.unevaluatedItems.unevaluatedItems-with-minContains-=-0.some-but-not-all-items-evaluated-by-contains' failed: Reason:
Expected Schema:
 {
     "$schema": "https://json-schema.org/draft/next/schema",
     "contains": {
         "type": "string"
     },
     "minContains": 0,
     "unevaluatedItems": false
 }
To REJECT Case:
 [
     "foo",
     0
 ]
But it was ACCEPTED!
/Users/neb/code/jsonls/src/json-schema/test-suite/draft-next.zig:13:5: 0x10483a3fb in check_valid (test)
    return error.FailedTest;
    ^
/Users/neb/code/jsonls/src/json-schema/test-suite/draft-next.zig:1721:5: 0x10490ec83 in test.unevaluatedItems.unevaluatedItems-with-minContains-=-0.some-but-not-all-items-evaluated-by-contains (test)
    try check_valid(
    ^
error: 'draft-next.test.unevaluatedItems.unevaluatedItems-can-see-annotations-from-if-without-then-and-else.invalid-in-case-if-is-evaluated' failed: Reason:
Expected Schema:
 {
     "$schema": "https://json-schema.org/draft/next/schema",
     "if": {
         "prefixItems": [
             {
                 "const": "a"
             }
         ]
     },
     "unevaluatedItems": false
 }
To REJECT Case:
 [
     "b"
 ]
But it was ACCEPTED!
/Users/neb/code/jsonls/src/json-schema/test-suite/draft-next.zig:13:5: 0x10483a3fb in check_valid (test)
    return error.FailedTest;
    ^
/Users/neb/code/jsonls/src/json-schema/test-suite/draft-next.zig:1868:5: 0x10490f10b in test.unevaluatedItems.unevaluatedItems-can-see-annotations-from-if-without-then-and-else.invalid-in-case-if-is-evaluated (test)
    try check_valid(
    ^
error: 'draft-next.test.refRemote.remote-ref.remote-ref-invalid' failed: Reason:
Expected Schema:
 {
     "$schema": "https://json-schema.org/draft/next/schema",
     "$ref": "http://localhost:1234/draft-next/integer.json"
 }
To REJECT Case:
 "a"
But it was ACCEPTED!
/Users/neb/code/jsonls/src/json-schema/test-suite/draft-next.zig:13:5: 0x10483a3fb in check_valid (test)
    return error.FailedTest;
    ^
/Users/neb/code/jsonls/src/json-schema/test-suite/draft-next.zig:1985:5: 0x10490f51f in test.refRemote.remote-ref.remote-ref-invalid (test)
    try check_valid(
    ^
error: 'draft-next.test.refRemote.fragment-within-remote-ref.remote-fragment-invalid' failed: Reason:
Expected Schema:
 {
     "$schema": "https://json-schema.org/draft/next/schema",
     "$ref": "http://localhost:1234/draft-next/subSchemas.json#/$defs/integer"
 }
To REJECT Case:
 "a"
But it was ACCEPTED!
/Users/neb/code/jsonls/src/json-schema/test-suite/draft-next.zig:13:5: 0x10483a3fb in check_valid (test)
    return error.FailedTest;
    ^
/Users/neb/code/jsonls/src/json-schema/test-suite/draft-next.zig:2009:5: 0x10490f607 in test.refRemote.fragment-within-remote-ref.remote-fragment-invalid (test)
    try check_valid(
    ^
error: 'draft-next.test.refRemote.anchor-within-remote-ref.remote-anchor-invalid' failed: Reason:
Expected Schema:
 {
     "$schema": "https://json-schema.org/draft/next/schema",
     "$ref": "http://localhost:1234/draft-next/locationIndependentIdentifier.json#foo"
 }
To REJECT Case:
 "a"
But it was ACCEPTED!
/Users/neb/code/jsonls/src/json-schema/test-suite/draft-next.zig:13:5: 0x10483a3fb in check_valid (test)
    return error.FailedTest;
    ^
/Users/neb/code/jsonls/src/json-schema/test-suite/draft-next.zig:2033:5: 0x10490f6ef in test.refRemote.anchor-within-remote-ref.remote-anchor-invalid (test)
    try check_valid(
    ^
error: 'draft-next.test.refRemote.ref-within-remote-ref.ref-within-ref-invalid' failed: Reason:
Expected Schema:
 {
     "$schema": "https://json-schema.org/draft/next/schema",
     "$ref": "http://localhost:1234/draft-next/subSchemas.json#/$defs/refToInteger"
 }
To REJECT Case:
 "a"
But it was ACCEPTED!
/Users/neb/code/jsonls/src/json-schema/test-suite/draft-next.zig:13:5: 0x10483a3fb in check_valid (test)
    return error.FailedTest;
    ^
/Users/neb/code/jsonls/src/json-schema/test-suite/draft-next.zig:2057:5: 0x10490f7d7 in test.refRemote.ref-within-remote-ref.ref-within-ref-invalid (test)
    try check_valid(
    ^
error: 'draft-next.test.refRemote.base-URI-change.base-URI-change-ref-invalid' failed: Reason:
Expected Schema:
 {
     "$schema": "https://json-schema.org/draft/next/schema",
     "$id": "http://localhost:1234/draft-next/",
     "items": {
         "$id": "baseUriChange/",
         "items": {
             "$ref": "folderInteger.json"
         }
     }
 }
To REJECT Case:
 [
     [
         "a"
     ]
 ]
But it was ACCEPTED!
/Users/neb/code/jsonls/src/json-schema/test-suite/draft-next.zig:13:5: 0x10483a3fb in check_valid (test)
    return error.FailedTest;
    ^
/Users/neb/code/jsonls/src/json-schema/test-suite/draft-next.zig:2091:5: 0x10490f8bf in test.refRemote.base-URI-change.base-URI-change-ref-invalid (test)
    try check_valid(
    ^
error: 'draft-next.test.refRemote.base-URI-change---change-folder.string-is-invalid' failed: Reason:
Expected Schema:
 {
     "$schema": "https://json-schema.org/draft/next/schema",
     "$id": "http://localhost:1234/draft-next/scope_change_defs1.json",
     "type": "object",
     "properties": {
         "list": {
             "$ref": "baseUriChangeFolder/"
         }
     },
     "$defs": {
         "baz": {
             "$id": "baseUriChangeFolder/",
             "type": "array",
             "items": {
                 "$ref": "folderInteger.json"
             }
         }
     }
 }
To REJECT Case:
 {
     "list": [
         "a"
     ]
 }
But it was ACCEPTED!
/Users/neb/code/jsonls/src/json-schema/test-suite/draft-next.zig:13:5: 0x10483a3fb in check_valid (test)
    return error.FailedTest;
    ^
/Users/neb/code/jsonls/src/json-schema/test-suite/draft-next.zig:2144:5: 0x10490f9a7 in test.refRemote.base-URI-change---change-folder.string-is-invalid (test)
    try check_valid(
    ^
error: 'draft-next.test.refRemote.base-URI-change---change-folder-in-subschema.string-is-invalid' failed: Reason:
Expected Schema:
 {
     "$schema": "https://json-schema.org/draft/next/schema",
     "$id": "http://localhost:1234/draft-next/scope_change_defs2.json",
     "type": "object",
     "properties": {
         "list": {
             "$ref": "baseUriChangeFolderInSubschema/#/$defs/bar"
         }
     },
     "$defs": {
         "baz": {
             "$id": "baseUriChangeFolderInSubschema/",
             "$defs": {
                 "bar": {
                     "type": "array",
                     "items": {
                         "$ref": "folderInteger.json"
                     }
                 }
             }
         }
     }
 }
To REJECT Case:
 {
     "list": [
         "a"
     ]
 }
But it was ACCEPTED!
/Users/neb/code/jsonls/src/json-schema/test-suite/draft-next.zig:13:5: 0x10483a3fb in check_valid (test)
    return error.FailedTest;
    ^
/Users/neb/code/jsonls/src/json-schema/test-suite/draft-next.zig:2210:5: 0x10490fa8f in test.refRemote.base-URI-change---change-folder-in-subschema.string-is-invalid (test)
    try check_valid(
    ^
error: 'draft-next.test.refRemote.root-ref-in-remote-ref.object-is-invalid' failed: Reason:
Expected Schema:
 {
     "$schema": "https://json-schema.org/draft/next/schema",
     "$id": "http://localhost:1234/draft-next/object",
     "type": "object",
     "properties": {
         "name": {
             "$ref": "name-defs.json#/$defs/orNull"
         }
     }
 }
To REJECT Case:
 {
     "name": {
         "name": null
     }
 }
But it was ACCEPTED!
/Users/neb/code/jsonls/src/json-schema/test-suite/draft-next.zig:13:5: 0x10483a3fb in check_valid (test)
    return error.FailedTest;
    ^
/Users/neb/code/jsonls/src/json-schema/test-suite/draft-next.zig:2285:5: 0x10490fbeb in test.refRemote.root-ref-in-remote-ref.object-is-invalid (test)
    try check_valid(
    ^
error: 'draft-next.test.refRemote.remote-ref-with-ref-to-defs.invalid' failed: Reason:
Expected Schema:
 {
     "$schema": "https://json-schema.org/draft/next/schema",
     "$id": "http://localhost:1234/draft-next/schema-remote-ref-ref-defs1.json",
     "$ref": "ref-and-defs.json"
 }
To REJECT Case:
 {
     "bar": 1
 }
But it was ACCEPTED!
/Users/neb/code/jsonls/src/json-schema/test-suite/draft-next.zig:13:5: 0x10483a3fb in check_valid (test)
    return error.FailedTest;
    ^
/Users/neb/code/jsonls/src/json-schema/test-suite/draft-next.zig:2307:5: 0x10490fc5f in test.refRemote.remote-ref-with-ref-to-defs.invalid (test)
    try check_valid(
    ^
error: 'draft-next.test.refRemote.Location-independent-identifier-in-remote-ref.string-is-invalid' failed: Reason:
Expected Schema:
 {
     "$schema": "https://json-schema.org/draft/next/schema",
     "$ref": "http://localhost:1234/draft-next/locationIndependentIdentifier.json#/$defs/refToInteger"
 }
To REJECT Case:
 "foo"
But it was ACCEPTED!
/Users/neb/code/jsonls/src/json-schema/test-suite/draft-next.zig:13:5: 0x10483a3fb in check_valid (test)
    return error.FailedTest;
    ^
/Users/neb/code/jsonls/src/json-schema/test-suite/draft-next.zig:2349:5: 0x10490fdbb in test.refRemote.Location-independent-identifier-in-remote-ref.string-is-invalid (test)
    try check_valid(
    ^
error: 'draft-next.test.refRemote.retrieved-nested-refs-resolve-relative-to-their-URI-not-$id.number-is-invalid' failed: Reason:
Expected Schema:
 {
     "$schema": "https://json-schema.org/draft/next/schema",
     "$id": "http://localhost:1234/draft-next/some-id",
     "properties": {
         "name": {
             "$ref": "nested/foo-ref-string.json"
         }
     }
 }
To REJECT Case:
 {
     "name": {
         "foo": 1
     }
 }
But it was ACCEPTED!
/Users/neb/code/jsonls/src/json-schema/test-suite/draft-next.zig:13:5: 0x10483a3fb in check_valid (test)
    return error.FailedTest;
    ^
/Users/neb/code/jsonls/src/json-schema/test-suite/draft-next.zig:2361:5: 0x10490fe2f in test.refRemote.retrieved-nested-refs-resolve-relative-to-their-URI-not-$id.number-is-invalid (test)
    try check_valid(
    ^
error: 'draft-next.test.refRemote.remote-HTTP-ref-with-different-$id.number-is-invalid' failed: Reason:
Expected Schema:
 {
     "$schema": "https://json-schema.org/draft/next/schema",
     "$ref": "http://localhost:1234/different-id-ref-string.json"
 }
To REJECT Case:
 1
But it was ACCEPTED!
/Users/neb/code/jsonls/src/json-schema/test-suite/draft-next.zig:13:5: 0x10483a3fb in check_valid (test)
    return error.FailedTest;
    ^
/Users/neb/code/jsonls/src/json-schema/test-suite/draft-next.zig:2403:5: 0x10490ff17 in test.refRemote.remote-HTTP-ref-with-different-$id.number-is-invalid (test)
    try check_valid(
    ^
error: 'draft-next.test.refRemote.remote-HTTP-ref-with-different-URN-$id.number-is-invalid' failed: Reason:
Expected Schema:
 {
     "$schema": "https://json-schema.org/draft/next/schema",
     "$ref": "http://localhost:1234/urn-ref-string.json"
 }
To REJECT Case:
 1
But it was ACCEPTED!
/Users/neb/code/jsonls/src/json-schema/test-suite/draft-next.zig:13:5: 0x10483a3fb in check_valid (test)
    return error.FailedTest;
    ^
/Users/neb/code/jsonls/src/json-schema/test-suite/draft-next.zig:2427:5: 0x10490ffff in test.refRemote.remote-HTTP-ref-with-different-URN-$id.number-is-invalid (test)
    try check_valid(
    ^
error: 'draft-next.test.refRemote.remote-HTTP-ref-with-nested-absolute-ref.number-is-invalid' failed: Reason:
Expected Schema:
 {
     "$schema": "https://json-schema.org/draft/next/schema",
     "$ref": "http://localhost:1234/nested-absolute-ref-to-string.json"
 }
To REJECT Case:
 1
But it was ACCEPTED!
/Users/neb/code/jsonls/src/json-schema/test-suite/draft-next.zig:13:5: 0x10483a3fb in check_valid (test)
    return error.FailedTest;
    ^
/Users/neb/code/jsonls/src/json-schema/test-suite/draft-next.zig:2451:5: 0x1049100e7 in test.refRemote.remote-HTTP-ref-with-nested-absolute-ref.number-is-invalid (test)
    try check_valid(
    ^
error: 'draft-next.test.refRemote.$ref-to-$ref-finds-detached-$anchor.non-number-is-invalid' failed: Reason:
Expected Schema:
 {
     "$schema": "https://json-schema.org/draft/next/schema",
     "$ref": "http://localhost:1234/draft-next/detached-ref.json#/$defs/foo"
 }
To REJECT Case:
 "a"
But it was ACCEPTED!
/Users/neb/code/jsonls/src/json-schema/test-suite/draft-next.zig:13:5: 0x10483a3fb in check_valid (test)
    return error.FailedTest;
    ^
/Users/neb/code/jsonls/src/json-schema/test-suite/draft-next.zig:2487:5: 0x104910243 in test.refRemote.$ref-to-$ref-finds-detached-$anchor.non-number-is-invalid (test)
    try check_valid(
    ^
error: while executing test 'draft-next.test.if-then-else.if-with-boolean-schema-true.boolean-schema-true-in-if-always-chooses-the-then-path-(valid)', the following command terminated with signal 6 (expected exited with code 0):
./.zig-cache/o/e3c21045cb5a8b7f5bbf979587c38e37/test --cache-dir=./.zig-cache --seed=0xfaad01e8 --listen=-

Build Summary: 11/19 steps succeeded; 7 failed; 6369/6530 tests passed; 161 failed
test:suite transitive failure
+- run test draft3       423/435 passed, 12 failed
+- run test draft4       602/610 passed, 8 failed
+- run test draft6       818/829 passed, 11 failed
+- run test draft7       902/913 passed, 11 failed
+- run test draft2019-09 1192/1227 passed, 35 failed
+- run test draft2020-12 1219/1261 passed, 42 failed
+- run test draft-next   1213/1255 passed, 42 failed

error: the following build command failed with exit code 1:
.zig-cache/o/ae7ba418549e0a443908f1cc552feb17/build /Users/neb/.local/share/mise/installs/zig/0.15.2/zig /Users/neb/.local/share/mise/installs/zig/0.15.2/lib /Users/neb/code/jsonls .zig-cache /Users/neb/.cache/zig --seed 0xfaad01e8 -Z57a85630a604f409 test:suite
